Archive member included to satisfy reference by file (symbol)

/Applications/STM32CubeIDE.app/Contents/Eclipse/plugins/com.st.stm32cube.ide.mcu.externaltools.gnu-tools-for-stm32.7-2018-q2-update.macos64_1.4.0.202007081208/tools/bin/../lib/gcc/arm-none-eabi/7.3.1/../../../../arm-none-eabi/lib/thumb/v7-m/libc_nano.a(lib_a-errno.o)
                              Core/Src/syscalls.o (__errno)
/Applications/STM32CubeIDE.app/Contents/Eclipse/plugins/com.st.stm32cube.ide.mcu.externaltools.gnu-tools-for-stm32.7-2018-q2-update.macos64_1.4.0.202007081208/tools/bin/../lib/gcc/arm-none-eabi/7.3.1/../../../../arm-none-eabi/lib/thumb/v7-m/libc_nano.a(lib_a-exit.o)
                              /Applications/STM32CubeIDE.app/Contents/Eclipse/plugins/com.st.stm32cube.ide.mcu.externaltools.gnu-tools-for-stm32.7-2018-q2-update.macos64_1.4.0.202007081208/tools/bin/../lib/gcc/arm-none-eabi/7.3.1/../../../../arm-none-eabi/lib/thumb/v7-m/crt0.o (exit)
/Applications/STM32CubeIDE.app/Contents/Eclipse/plugins/com.st.stm32cube.ide.mcu.externaltools.gnu-tools-for-stm32.7-2018-q2-update.macos64_1.4.0.202007081208/tools/bin/../lib/gcc/arm-none-eabi/7.3.1/../../../../arm-none-eabi/lib/thumb/v7-m/libc_nano.a(lib_a-impure.o)
                              /Applications/STM32CubeIDE.app/Contents/Eclipse/plugins/com.st.stm32cube.ide.mcu.externaltools.gnu-tools-for-stm32.7-2018-q2-update.macos64_1.4.0.202007081208/tools/bin/../lib/gcc/arm-none-eabi/7.3.1/../../../../arm-none-eabi/lib/thumb/v7-m/libc_nano.a(lib_a-exit.o) (_global_impure_ptr)
/Applications/STM32CubeIDE.app/Contents/Eclipse/plugins/com.st.stm32cube.ide.mcu.externaltools.gnu-tools-for-stm32.7-2018-q2-update.macos64_1.4.0.202007081208/tools/bin/../lib/gcc/arm-none-eabi/7.3.1/../../../../arm-none-eabi/lib/thumb/v7-m/libc_nano.a(lib_a-init.o)
                              /Applications/STM32CubeIDE.app/Contents/Eclipse/plugins/com.st.stm32cube.ide.mcu.externaltools.gnu-tools-for-stm32.7-2018-q2-update.macos64_1.4.0.202007081208/tools/bin/../lib/gcc/arm-none-eabi/7.3.1/../../../../arm-none-eabi/lib/thumb/v7-m/crt0.o (__libc_init_array)
/Applications/STM32CubeIDE.app/Contents/Eclipse/plugins/com.st.stm32cube.ide.mcu.externaltools.gnu-tools-for-stm32.7-2018-q2-update.macos64_1.4.0.202007081208/tools/bin/../lib/gcc/arm-none-eabi/7.3.1/../../../../arm-none-eabi/lib/thumb/v7-m/libc_nano.a(lib_a-memcpy-stub.o)
                              Middlewares/Third_Party/FreeRTOS/Source/CMSIS_RTOS_V2/cmsis_os2.o (memcpy)
/Applications/STM32CubeIDE.app/Contents/Eclipse/plugins/com.st.stm32cube.ide.mcu.externaltools.gnu-tools-for-stm32.7-2018-q2-update.macos64_1.4.0.202007081208/tools/bin/../lib/gcc/arm-none-eabi/7.3.1/../../../../arm-none-eabi/lib/thumb/v7-m/libc_nano.a(lib_a-memset.o)
                              /Applications/STM32CubeIDE.app/Contents/Eclipse/plugins/com.st.stm32cube.ide.mcu.externaltools.gnu-tools-for-stm32.7-2018-q2-update.macos64_1.4.0.202007081208/tools/bin/../lib/gcc/arm-none-eabi/7.3.1/../../../../arm-none-eabi/lib/thumb/v7-m/crt0.o (memset)
/Applications/STM32CubeIDE.app/Contents/Eclipse/plugins/com.st.stm32cube.ide.mcu.externaltools.gnu-tools-for-stm32.7-2018-q2-update.macos64_1.4.0.202007081208/tools/bin/../lib/gcc/arm-none-eabi/7.3.1/../../../../arm-none-eabi/lib/thumb/v7-m/libc_nano.a(lib_a-strlen.o)
                              Core/Src/main.o (strlen)

Allocating common symbols
Common symbol       size              file

hUsbDeviceFS        0x2c4             USB_DEVICE/App/usb_device.o
defaultTaskHandle   0x4               Core/Src/main.o
frameQueueBuffer    0x210             Core/Src/main.o
txrxFrameTaskControlBlock
                    0x54              Core/Src/main.o
htim4               0x40              Core/Src/stm32f1xx_hal_timebase_tim.o
frameQueueHandle    0x4               Core/Src/main.o
hi2c1               0x54              Core/Src/main.o
txrxFrameTaskBuffer
                    0x400             Core/Src/main.o
frameQueueControlBlock
                    0x48              Core/Src/main.o
uwTick              0x4               Drivers/STM32F1xx_HAL_Driver/Src/stm32f1xx_hal.o
xQueueRegistry      0x40              Middlewares/Third_Party/FreeRTOS/Source/queue.o
pFlash              0x20              Drivers/STM32F1xx_HAL_Driver/Src/stm32f1xx_hal_flash.o
UserRxBufferFS      0x3e8             USB_DEVICE/App/usbd_cdc_if.o
htim3               0x40              Core/Src/main.o
hadc1               0x30              Core/Src/main.o
taskAutoBuffer      0x400             Core/Src/main.o
UserTxBufferFS      0x3e8             USB_DEVICE/App/usbd_cdc_if.o
taskAutoControlBlock
                    0x54              Core/Src/main.o
hdma_adc1           0x44              Core/Src/main.o
taskAutoHandle      0x4               Core/Src/main.o
htim1               0x40              Core/Src/main.o
defaultTaskBuffer   0x400             Core/Src/main.o
txrxFrameTaskHandle
                    0x4               Core/Src/main.o
defaultTaskControlBlock
[...]
Memory Configuration

Name             Origin             Length             Attributes
RAM              0x0000000020000000 0x0000000000005000 xrw
FLASH            0x0000000008000000 0x0000000000010000 xr
*default*        0x0000000000000000 0xffffffffffffffff

Linker script and memory map

LOAD /Applications/STM32CubeIDE.app/Contents/Eclipse/plugins/com.st.stm32cube.ide.mcu.externaltools.gnu-tools-for-stm32.7-2018-q2-update.macos64_1.4.0.202007081208/tools/bin/../lib/gcc/arm-none-eabi/7.3.1/thumb/v7-m/crti.o
LOAD /Applications/STM32CubeIDE.app/Contents/Eclipse/plugins/com.st.stm32cube.ide.mcu.externaltools.gnu-tools-for-stm32.7-2018-q2-update.macos64_1.4.0.202007081208/tools/bin/../lib/gcc/arm-none-eabi/7.3.1/thumb/v7-m/crtbegin.o
LOAD /Applications/STM32CubeIDE.app/Contents/Eclipse/plugins/com.st.stm32cube.ide.mcu.externaltools.gnu-tools-for-stm32.7-2018-q2-update.macos64_1.4.0.202007081208/tools/bin/../lib/gcc/arm-none-eabi/7.3.1/../../../../arm-none-eabi/lib/thumb/v7-m/crt0.o
LOAD Core/Src/freertos.o
LOAD Core/Src/main.o
LOAD Core/Src/stm32f1xx_hal_msp.o
LOAD Core/Src/stm32f1xx_hal_timebase_tim.o
LOAD Core/Src/stm32f1xx_it.o
LOAD Core/Src/syscalls.o
LOAD Core/Src/sysmem.o
LOAD Core/Src/system_stm32f1xx.o
LOAD Core/Startup/startup_stm32f103c8tx.o
LOAD Drivers/STM32F1xx_HAL_Driver/Src/stm32f1xx_hal.o
LOAD Drivers/STM32F1xx_HAL_Driver/Src/stm32f1xx_hal_adc.o
LOAD Drivers/STM32F1xx_HAL_Driver/Src/stm32f1xx_hal_adc_ex.o
LOAD Drivers/STM32F1xx_HAL_Driver/Src/stm32f1xx_hal_cortex.o
LOAD Drivers/STM32F1xx_HAL_Driver/Src/stm32f1xx_hal_dma.o
LOAD Drivers/STM32F1xx_HAL_Driver/Src/stm32f1xx_hal_exti.o
LOAD Drivers/STM32F1xx_HAL_Driver/Src/stm32f1xx_hal_flash.o
LOAD Drivers/STM32F1xx_HAL_Driver/Src/stm32f1xx_hal_flash_ex.o
LOAD Drivers/STM32F1xx_HAL_Driver/Src/stm32f1xx_hal_gpio.o
LOAD Drivers/STM32F1xx_HAL_Driver/Src/stm32f1xx_hal_gpio_ex.o
LOAD Drivers/STM32F1xx_HAL_Driver/Src/stm32f1xx_hal_i2c.o
LOAD Drivers/STM32F1xx_HAL_Driver/Src/stm32f1xx_hal_pcd.o
LOAD Drivers/STM32F1xx_HAL_Driver/Src/stm32f1xx_hal_pcd_ex.o
LOAD Drivers/STM32F1xx_HAL_Driver/Src/stm32f1xx_hal_pwr.o
LOAD Drivers/STM32F1xx_HAL_Driver/Src/stm32f1xx_hal_rcc.o
LOAD Drivers/STM32F1xx_HAL_Driver/Src/stm32f1xx_hal_rcc_ex.o
LOAD Drivers/STM32F1xx_HAL_Driver/Src/stm32f1xx_hal_tim.o
LOAD Drivers/STM32F1xx_HAL_Driver/Src/stm32f1xx_hal_tim_ex.o
LOAD Drivers/STM32F1xx_HAL_Driver/Src/stm32f1xx_ll_usb.o
LOAD Middlewares/ST/STM32_USB_Device_Library/Class/CDC/Src/usbd_cdc.o
LOAD Middlewares/ST/STM32_USB_Device_Library/Core/Src/usbd_core.o
LOAD Middlewares/ST/STM32_USB_Device_Library/Core/Src/usbd_ctlreq.o
LOAD Middlewares/ST/STM32_USB_Device_Library/Core/Src/usbd_ioreq.o
LOAD Middlewares/Third_Party/FreeRTOS/Source/CMSIS_RTOS_V2/cmsis_os2.o
LOAD Middlewares/Third_Party/FreeRTOS/Source/croutine.o
LOAD Middlewares/Third_Party/FreeRTOS/Source/event_groups.o
LOAD Middlewares/Third_Party/FreeRTOS/Source/list.o
LOAD Middlewares/Third_Party/FreeRTOS/Source/queue.o
LOAD Middlewares/Third_Party/FreeRTOS/Source/stream_buffer.o
LOAD Middlewares/Third_Party/FreeRTOS/Source/tasks.o
LOAD Middlewares/Third_Party/FreeRTOS/Source/timers.o
LOAD Middlewares/Third_Party/FreeRTOS/Source/portable/GCC/ARM_CM3/port.o
LOAD Middlewares/Third_Party/FreeRTOS/Source/portable/MemMang/heap_1.o
LOAD USB_DEVICE/App/usb_device.o
LOAD USB_DEVICE/App/usbd_cdc_if.o
LOAD USB_DEVICE/App/usbd_desc.o
LOAD USB_DEVICE/Target/usbd_conf.o
START GROUP
LOAD /Applications/STM32CubeIDE.app/Contents/Eclipse/plugins/com.st.stm32cube.ide.mcu.externaltools.gnu-tools-for-stm32.7-2018-q2-update.macos64_1.4.0.202007081208/tools/bin/../lib/gcc/arm-none-eabi/7.3.1/../../../../arm-none-eabi/lib/thumb/v7-m/libc_nano.a
LOAD /Applications/STM32CubeIDE.app/Contents/Eclipse/plugins/com.st.stm32cube.ide.mcu.externaltools.gnu-tools-for-stm32.7-2018-q2-update.macos64_1.4.0.202007081208/tools/bin/../lib/gcc/arm-none-eabi/7.3.1/../../../../arm-none-eabi/lib/thumb/v7-m/libm.a
END GROUP
START GROUP
LOAD /Applications/STM32CubeIDE.app/Contents/Eclipse/plugins/com.st.stm32cube.ide.mcu.externaltools.gnu-tools-for-stm32.7-2018-q2-update.macos64_1.4.0.202007081208/tools/bin/../lib/gcc/arm-none-eabi/7.3.1/thumb/v7-m/libgcc.a
LOAD /Applications/STM32CubeIDE.app/Contents/Eclipse/plugins/com.st.stm32cube.ide.mcu.externaltools.gnu-tools-for-stm32.7-2018-q2-update.macos64_1.4.0.202007081208/tools/bin/../lib/gcc/arm-none-eabi/7.3.1/../../../../arm-none-eabi/lib/thumb/v7-m/libc_nano.a
END GROUP
START GROUP
LOAD /Applications/STM32CubeIDE.app/Contents/Eclipse/plugins/com.st.stm32cube.ide.mcu.externaltools.gnu-tools-for-stm32.7-2018-q2-update.macos64_1.4.0.202007081208/tools/bin/../lib/gcc/arm-none-eabi/7.3.1/thumb/v7-m/libgcc.a
LOAD /Applications/STM32CubeIDE.app/Contents/Eclipse/plugins/com.st.stm32cube.ide.mcu.externaltools.gnu-tools-for-stm32.7-2018-q2-update.macos64_1.4.0.202007081208/tools/bin/../lib/gcc/arm-none-eabi/7.3.1/../../../../arm-none-eabi/lib/thumb/v7-m/libc_nano.a
LOAD /Applications/STM32CubeIDE.app/Contents/Eclipse/plugins/com.st.stm32cube.ide.mcu.externaltools.gnu-tools-for-stm32.7-2018-q2-update.macos64_1.4.0.202007081208/tools/bin/../lib/gcc/arm-none-eabi/7.3.1/../../../../arm-none-eabi/lib/thumb/v7-m/libnosys.a
END GROUP
START GROUP
LOAD /Applications/STM32CubeIDE.app/Contents/Eclipse/plugins/com.st.stm32cube.ide.mcu.externaltools.gnu-tools-for-stm32.7-2018-q2-update.macos64_1.4.0.202007081208/tools/bin/../lib/gcc/arm-none-eabi/7.3.1/thumb/v7-m/libgcc.a
LOAD /Applications/STM32CubeIDE.app/Contents/Eclipse/plugins/com.st.stm32cube.ide.mcu.externaltools.gnu-tools-for-stm32.7-2018-q2-update.macos64_1.4.0.202007081208/tools/bin/../lib/gcc/arm-none-eabi/7.3.1/../../../../arm-none-eabi/lib/thumb/v7-m/libc_nano.a
LOAD /Applications/STM32CubeIDE.app/Contents/Eclipse/plugins/com.st.stm32cube.ide.mcu.externaltools.gnu-tools-for-stm32.7-2018-q2-update.macos64_1.4.0.202007081208/tools/bin/../lib/gcc/arm-none-eabi/7.3.1/../../../../arm-none-eabi/lib/thumb/v7-m/libnosys.a
END GROUP
LOAD /Applications/STM32CubeIDE.app/Contents/Eclipse/plugins/com.st.stm32cube.ide.mcu.externaltools.gnu-tools-for-stm32.7-2018-q2-update.macos64_1.4.0.202007081208/tools/bin/../lib/gcc/arm-none-eabi/7.3.1/thumb/v7-m/crtend.o
LOAD /Applications/STM32CubeIDE.app/Contents/Eclipse/plugins/com.st.stm32cube.ide.mcu.externaltools.gnu-tools-for-stm32.7-2018-q2-update.macos64_1.4.0.202007081208/tools/bin/../lib/gcc/arm-none-eabi/7.3.1/thumb/v7-m/crtn.o
                0x0000000020005000                _estack = (ORIGIN (RAM) + LENGTH (RAM))
                0x0000000000000200                _Min_Heap_Size = 0x200
                0x0000000000000400                _Min_Stack_Size = 0x400

.isr_vector     0x0000000008000000      0x10c
                0x0000000008000000                . = ALIGN (0x4)
 *(.isr_vector)
 .isr_vector    0x0000000008000000      0x10c Core/Startup/startup_stm32f103c8tx.o
                0x0000000008000000                g_pfnVectors
                0x000000000800010c                . = ALIGN (0x4)

.text           0x0000000008000110     0x5bc4
                0x0000000008000110                . = ALIGN (0x4)
 *(.text)
 .text          0x0000000008000110       0x40 /Applications/STM32CubeIDE.app/Contents/Eclipse/plugins/com.st.stm32cube.ide.mcu.externaltools.gnu-tools-for-stm32.7-2018-q2-update.macos64_1.4.0.202007081208/tools/bin/../lib/gcc/arm-none-eabi/7.3.1/thumb/v7-m/crtbegin.o
 .text          0x0000000008000150       0x10 /Applications/STM32CubeIDE.app/Contents/Eclipse/plugins/com.st.stm32cube.ide.mcu.externaltools.gnu-tools-for-stm32.7-2018-q2-update.macos64_1.4.0.202007081208/tools/bin/../lib/gcc/arm-none-eabi/7.3.1/../../../../arm-none-eabi/lib/thumb/v7-m/libc_nano.a(lib_a-strlen.o)
                0x0000000008000150                strlen
 *(.text*)
 .text.vApplicationMallocFailedHook
                0x0000000008000160        0x2 Core/Src/freertos.o
                0x0000000008000160                vApplicationMallocFailedHook
 *fill*         0x0000000008000162        0x2 
 .text.StartDefaultTask
                0x0000000008000164       0x58 Core/Src/main.o
                0x0000000008000164                StartDefaultTask
 .text.HAL_TIM_PWM_PulseFinishedCallback
                0x00000000080001bc       0x40 Core/Src/main.o
                0x00000000080001bc                HAL_TIM_PWM_PulseFinishedCallback
 .text.HAL_TIM_OC_DelayElapsedCallback
                0x00000000080001fc       0x3c Core/Src/main.o
                0x00000000080001fc                HAL_TIM_OC_DelayElapsedCallback
 .text.HAL_ADC_ConvCpltCallback
                0x0000000008000238       0x48 Core/Src/main.o
                0x0000000008000238                HAL_ADC_ConvCpltCallback
 .text.HAL_ADC_ConvHalfCpltCallback
                0x0000000008000280       0x48 Core/Src/main.o
                0x0000000008000280                HAL_ADC_ConvHalfCpltCallback
 .text.HAL_ADC_LevelOutOfWindowCallback
                0x00000000080002c8        0x2 Core/Src/main.o
                0x00000000080002c8                HAL_ADC_LevelOutOfWindowCallback
 .text.HAL_ADC_ErrorCallback
                0x00000000080002ca        0x2 Core/Src/main.o
                0x00000000080002ca                HAL_ADC_ErrorCallback
 .text.HAL_TIM_PeriodElapsedCallback
                0x00000000080002cc       0x14 Core/Src/main.o
                0x00000000080002cc                HAL_TIM_PeriodElapsedCallback
 .text.Error_Handler
                0x00000000080002e0        0xc Core/Src/main.o
                0x00000000080002e0                Error_Handler
 .text.SystemClock_Config
                0x00000000080002ec       0x84 Core/Src/main.o
                0x00000000080002ec                SystemClock_Config
 .text.startup.main
                0x0000000008000370      0x370 Core/Src/main.o
                0x0000000008000370                main
 .text.assert_failed
                0x00000000080006e0       0x40 Core/Src/main.o
                0x00000000080006e0                assert_failed
 .text.HAL_MspInit
                0x0000000008000720       0x44 Core/Src/stm32f1xx_hal_msp.o
                0x0000000008000720                HAL_MspInit
 .text.HAL_ADC_MspInit
                0x0000000008000764       0x94 Core/Src/stm32f1xx_hal_msp.o
                0x0000000008000764                HAL_ADC_MspInit
 .text.HAL_I2C_MspInit
                0x00000000080007f8       0x64 Core/Src/stm32f1xx_hal_msp.o
                0x00000000080007f8                HAL_I2C_MspInit
 .text.HAL_TIM_Base_MspInit
                0x000000000800085c       0x4c Core/Src/stm32f1xx_hal_msp.o
                0x000000000800085c                HAL_TIM_Base_MspInit
 .text.HAL_TIM_MspPostInit
                0x00000000080008a8       0x50 Core/Src/stm32f1xx_hal_msp.o
                0x00000000080008a8                HAL_TIM_MspPostInit
 .text.HAL_InitTick
                0x00000000080008f8       0x78 Core/Src/stm32f1xx_hal_timebase_tim.o
                0x00000000080008f8                HAL_InitTick
 .text.NMI_Handler
                0x0000000008000970        0x2 Core/Src/stm32f1xx_it.o
                0x0000000008000970                NMI_Handler
 .text.HardFault_Handler
                0x0000000008000972        0x2 Core/Src/stm32f1xx_it.o
                0x0000000008000972                HardFault_Handler
 .text.MemManage_Handler
                0x0000000008000974        0x2 Core/Src/stm32f1xx_it.o
                0x0000000008000974                MemManage_Handler
 .text.BusFault_Handler
                0x0000000008000976        0x2 Core/Src/stm32f1xx_it.o
                0x0000000008000976                BusFault_Handler
 .text.UsageFault_Handler
                0x0000000008000978        0x2 Core/Src/stm32f1xx_it.o
                0x0000000008000978                UsageFault_Handler
 .text.DebugMon_Handler
                0x000000000800097a        0x2 Core/Src/stm32f1xx_it.o
                0x000000000800097a                DebugMon_Handler
 .text.DMA1_Channel1_IRQHandler
                0x000000000800097c        0xc Core/Src/stm32f1xx_it.o
                0x000000000800097c                DMA1_Channel1_IRQHandler
 .text.ADC1_2_IRQHandler
                0x0000000008000988        0xc Core/Src/stm32f1xx_it.o
                0x0000000008000988                ADC1_2_IRQHandler
 .text.USB_LP_CAN1_RX0_IRQHandler
                0x0000000008000994        0xc Core/Src/stm32f1xx_it.o
                0x0000000008000994                USB_LP_CAN1_RX0_IRQHandler
 .text.TIM4_IRQHandler
                0x00000000080009a0        0xc Core/Src/stm32f1xx_it.o
                0x00000000080009a0                TIM4_IRQHandler
 .text.SystemInit
                0x00000000080009ac       0x4c Core/Src/system_stm32f1xx.o
                0x00000000080009ac                SystemInit
 .text.Reset_Handler
                0x00000000080009f8       0x48 Core/Startup/startup_stm32f103c8tx.o
                0x00000000080009f8                Reset_Handler
 .text.Default_Handler
                0x0000000008000a40        0x2 Core/Startup/startup_stm32f103c8tx.o
                0x0000000008000a40                USBWakeUp_IRQHandler
                0x0000000008000a40                EXTI2_IRQHandler
                0x0000000008000a40                TIM1_CC_IRQHandler
                0x0000000008000a40                PVD_IRQHandler
                0x0000000008000a40                EXTI3_IRQHandler
                0x0000000008000a40                EXTI0_IRQHandler
                0x0000000008000a40                I2C2_EV_IRQHandler
                0x0000000008000a40                SPI1_IRQHandler
                0x0000000008000a40                TAMPER_IRQHandler
                0x0000000008000a40                DMA1_Channel4_IRQHandler
                0x0000000008000a40                USART3_IRQHandler
                0x0000000008000a40                RTC_IRQHandler
                0x0000000008000a40                DMA1_Channel7_IRQHandler
                0x0000000008000a40                CAN1_RX1_IRQHandler
                0x0000000008000a40                I2C1_EV_IRQHandler
                0x0000000008000a40                DMA1_Channel6_IRQHandler
                0x0000000008000a40                TIM3_IRQHandler
                0x0000000008000a40                RCC_IRQHandler
                0x0000000008000a40                TIM1_TRG_COM_IRQHandler
                0x0000000008000a40                Default_Handler
                0x0000000008000a40                EXTI15_10_IRQHandler
                0x0000000008000a40                EXTI9_5_IRQHandler
                0x0000000008000a40                SPI2_IRQHandler
                0x0000000008000a40                DMA1_Channel5_IRQHandler
                0x0000000008000a40                EXTI4_IRQHandler
                0x0000000008000a40                USB_HP_CAN1_TX_IRQHandler
                0x0000000008000a40                DMA1_Channel3_IRQHandler
                0x0000000008000a40                TIM1_UP_IRQHandler
                0x0000000008000a40                WWDG_IRQHandler
                0x0000000008000a40                TIM2_IRQHandler
                0x0000000008000a40                TIM1_BRK_IRQHandler
                0x0000000008000a40                EXTI1_IRQHandler
                0x0000000008000a40                USART2_IRQHandler
                0x0000000008000a40                I2C2_ER_IRQHandler
                0x0000000008000a40                DMA1_Channel2_IRQHandler
                0x0000000008000a40                CAN1_SCE_IRQHandler
                0x0000000008000a40                FLASH_IRQHandler
                0x0000000008000a40                USART1_IRQHandler
                0x0000000008000a40                I2C1_ER_IRQHandler
                0x0000000008000a40                RTC_Alarm_IRQHandler
 *fill*         0x0000000008000a42        0x2 
 .text.HAL_Init
                0x0000000008000a44       0x24 Drivers/STM32F1xx_HAL_Driver/Src/stm32f1xx_hal.o
                0x0000000008000a44                HAL_Init
 .text.HAL_IncTick
                0x0000000008000a68       0x18 Drivers/STM32F1xx_HAL_Driver/Src/stm32f1xx_hal.o
                0x0000000008000a68                HAL_IncTick
 .text.HAL_GetTick
                0x0000000008000a80        0xc Drivers/STM32F1xx_HAL_Driver/Src/stm32f1xx_hal.o
                0x0000000008000a80                HAL_GetTick
 .text.ADC_DMAConvCplt
                0x0000000008000a8c       0x4e Drivers/STM32F1xx_HAL_Driver/Src/stm32f1xx_hal_adc.o
                0x0000000008000a8c                ADC_DMAConvCplt
 .text.ADC_DMAHalfConvCplt
                0x0000000008000ada        0xa Drivers/STM32F1xx_HAL_Driver/Src/stm32f1xx_hal_adc.o
                0x0000000008000ada                ADC_DMAHalfConvCplt
 .text.HAL_ADC_IRQHandler
                0x0000000008000ae4       0xec Drivers/STM32F1xx_HAL_Driver/Src/stm32f1xx_hal_adc.o
                0x0000000008000ae4                HAL_ADC_IRQHandler
 .text.ADC_DMAError
                0x0000000008000bd0       0x1a Drivers/STM32F1xx_HAL_Driver/Src/stm32f1xx_hal_adc.o
                0x0000000008000bd0                ADC_DMAError
 *fill*         0x0000000008000bea        0x2 
 .text.HAL_ADC_ConfigChannel
                0x0000000008000bec       0xfc Drivers/STM32F1xx_HAL_Driver/Src/stm32f1xx_hal_adc.o
                0x0000000008000bec                HAL_ADC_ConfigChannel
 .text.ADC_Enable
                0x0000000008000ce8       0x70 Drivers/STM32F1xx_HAL_Driver/Src/stm32f1xx_hal_adc.o
                0x0000000008000ce8                ADC_Enable
 .text.HAL_ADC_Start_DMA
                0x0000000008000d58      0x11c Drivers/STM32F1xx_HAL_Driver/Src/stm32f1xx_hal_adc.o
                0x0000000008000d58                HAL_ADC_Start_DMA
 .text.ADC_ConversionStop_Disable
                0x0000000008000e74       0x44 Drivers/STM32F1xx_HAL_Driver/Src/stm32f1xx_hal_adc.o
                0x0000000008000e74                ADC_ConversionStop_Disable
 .text.HAL_ADC_Init
                0x0000000008000eb8      0x100 Drivers/STM32F1xx_HAL_Driver/Src/stm32f1xx_hal_adc.o
                0x0000000008000eb8                HAL_ADC_Init
 .text.HAL_ADCEx_InjectedConvCpltCallback
                0x0000000008000fb8        0x2 Drivers/STM32F1xx_HAL_Driver/Src/stm32f1xx_hal_adc_ex.o
                0x0000000008000fb8                HAL_ADCEx_InjectedConvCpltCallback
 *fill*         0x0000000008000fba        0x2 
 .text.HAL_NVIC_SetPriorityGrouping
                0x0000000008000fbc       0x24 Drivers/STM32F1xx_HAL_Driver/Src/stm32f1xx_hal_cortex.o
                0x0000000008000fbc                HAL_NVIC_SetPriorityGrouping
 .text.HAL_NVIC_SetPriority
                0x0000000008000fe0       0x68 Drivers/STM32F1xx_HAL_Driver/Src/stm32f1xx_hal_cortex.o
                0x0000000008000fe0                HAL_NVIC_SetPriority
 .text.HAL_NVIC_EnableIRQ
                0x0000000008001048       0x1c Drivers/STM32F1xx_HAL_Driver/Src/stm32f1xx_hal_cortex.o
                0x0000000008001048                HAL_NVIC_EnableIRQ
 .text.HAL_DMA_Init
                0x0000000008001064       0x60 Drivers/STM32F1xx_HAL_Driver/Src/stm32f1xx_hal_dma.o
                0x0000000008001064                HAL_DMA_Init
 .text.HAL_DMA_Start_IT
                0x00000000080010c4       0x7a Drivers/STM32F1xx_HAL_Driver/Src/stm32f1xx_hal_dma.o
                0x00000000080010c4                HAL_DMA_Start_IT
 *fill*         0x000000000800113e        0x2 
 .text.HAL_DMA_IRQHandler
                0x0000000008001140      0x128 Drivers/STM32F1xx_HAL_Driver/Src/stm32f1xx_hal_dma.o
                0x0000000008001140                HAL_DMA_IRQHandler
 .text.HAL_GPIO_Init
                0x0000000008001268      0x1c0 Drivers/STM32F1xx_HAL_Driver/Src/stm32f1xx_hal_gpio.o
                0x0000000008001268                HAL_GPIO_Init
 .text.HAL_GPIO_WritePin
                0x0000000008001428        0xa Drivers/STM32F1xx_HAL_Driver/Src/stm32f1xx_hal_gpio.o
                0x0000000008001428                HAL_GPIO_WritePin
 .text.HAL_GPIO_TogglePin
                0x0000000008001432        0xc Drivers/STM32F1xx_HAL_Driver/Src/stm32f1xx_hal_gpio.o
                0x0000000008001432                HAL_GPIO_TogglePin
 *fill*         0x000000000800143e        0x2 
 .text.HAL_I2C_Init
                0x0000000008001440      0x148 Drivers/STM32F1xx_HAL_Driver/Src/stm32f1xx_hal_i2c.o
                0x0000000008001440                HAL_I2C_Init
 .text.HAL_PCD_Init
                0x0000000008001588       0xea Drivers/STM32F1xx_HAL_Driver/Src/stm32f1xx_hal_pcd.o
                0x0000000008001588                HAL_PCD_Init
 .text.HAL_PCD_Start
                0x0000000008001672       0x2e Drivers/STM32F1xx_HAL_Driver/Src/stm32f1xx_hal_pcd.o
                0x0000000008001672                HAL_PCD_Start
 .text.HAL_PCD_SetAddress
                0x00000000080016a0       0x28 Drivers/STM32F1xx_HAL_Driver/Src/stm32f1xx_hal_pcd.o
                0x00000000080016a0                HAL_PCD_SetAddress
 .text.HAL_PCD_EP_Open
                0x00000000080016c8       0x66 Drivers/STM32F1xx_HAL_Driver/Src/stm32f1xx_hal_pcd.o
                0x00000000080016c8                HAL_PCD_EP_Open
 .text.HAL_PCD_EP_Close
                0x000000000800172e       0x52 Drivers/STM32F1xx_HAL_Driver/Src/stm32f1xx_hal_pcd.o
                0x000000000800172e                HAL_PCD_EP_Close
 .text.HAL_PCD_EP_Receive
                0x0000000008001780       0x30 Drivers/STM32F1xx_HAL_Driver/Src/stm32f1xx_hal_pcd.o
                0x0000000008001780                HAL_PCD_EP_Receive
 .text.HAL_PCD_EP_GetRxCount
                0x00000000080017b0        0xe Drivers/STM32F1xx_HAL_Driver/Src/stm32f1xx_hal_pcd.o
                0x00000000080017b0                HAL_PCD_EP_GetRxCount
 .text.HAL_PCD_EP_Transmit
                0x00000000080017be       0x2c Drivers/STM32F1xx_HAL_Driver/Src/stm32f1xx_hal_pcd.o
                0x00000000080017be                HAL_PCD_EP_Transmit
 *fill*         0x00000000080017ea        0x2 
 .text.HAL_PCD_IRQHandler
                0x00000000080017ec      0x42c Drivers/STM32F1xx_HAL_Driver/Src/stm32f1xx_hal_pcd.o
                0x00000000080017ec                HAL_PCD_IRQHandler
 .text.HAL_PCD_EP_SetStall
                0x0000000008001c18       0x68 Drivers/STM32F1xx_HAL_Driver/Src/stm32f1xx_hal_pcd.o
                0x0000000008001c18                HAL_PCD_EP_SetStall
 .text.HAL_PCD_EP_ClrStall
                0x0000000008001c80       0x66 Drivers/STM32F1xx_HAL_Driver/Src/stm32f1xx_hal_pcd.o
                0x0000000008001c80                HAL_PCD_EP_ClrStall
 .text.HAL_PCDEx_PMAConfig
                0x0000000008001ce6       0x32 Drivers/STM32F1xx_HAL_Driver/Src/stm32f1xx_hal_pcd_ex.o
                0x0000000008001ce6                HAL_PCDEx_PMAConfig
 .text.HAL_RCC_OscConfig
                0x0000000008001d18      0x33c Drivers/STM32F1xx_HAL_Driver/Src/stm32f1xx_hal_rcc.o
                0x0000000008001d18                HAL_RCC_OscConfig
 .text.HAL_RCC_GetSysClockFreq
                0x0000000008002054       0x74 Drivers/STM32F1xx_HAL_Driver/Src/stm32f1xx_hal_rcc.o
                0x0000000008002054                HAL_RCC_GetSysClockFreq
 .text.HAL_RCC_ClockConfig
                0x00000000080020c8      0x138 Drivers/STM32F1xx_HAL_Driver/Src/stm32f1xx_hal_rcc.o
                0x00000000080020c8                HAL_RCC_ClockConfig
 .text.HAL_RCC_GetPCLK1Freq
                0x0000000008002200       0x20 Drivers/STM32F1xx_HAL_Driver/Src/stm32f1xx_hal_rcc.o
                0x0000000008002200                HAL_RCC_GetPCLK1Freq
 .text.HAL_RCC_GetClockConfig
                0x0000000008002220       0x3c Drivers/STM32F1xx_HAL_Driver/Src/stm32f1xx_hal_rcc.o
                0x0000000008002220                HAL_RCC_GetClockConfig
 .text.HAL_RCCEx_PeriphCLKConfig
                0x000000000800225c       0xf0 Drivers/STM32F1xx_HAL_Driver/Src/stm32f1xx_hal_rcc_ex.o
                0x000000000800225c                HAL_RCCEx_PeriphCLKConfig
 .text.TIM_OC1_SetConfig
                0x000000000800234c       0x50 Drivers/STM32F1xx_HAL_Driver/Src/stm32f1xx_hal_tim.o
 .text.TIM_OC3_SetConfig
                0x000000000800239c       0x54 Drivers/STM32F1xx_HAL_Driver/Src/stm32f1xx_hal_tim.o
 .text.TIM_OC4_SetConfig
                0x00000000080023f0       0x44 Drivers/STM32F1xx_HAL_Driver/Src/stm32f1xx_hal_tim.o
 .text.HAL_TIM_Base_Start_IT
                0x0000000008002434       0x20 Drivers/STM32F1xx_HAL_Driver/Src/stm32f1xx_hal_tim.o
                0x0000000008002434                HAL_TIM_Base_Start_IT
 .text.HAL_TIM_PWM_MspInit
                0x0000000008002454        0x2 Drivers/STM32F1xx_HAL_Driver/Src/stm32f1xx_hal_tim.o
                0x0000000008002454                HAL_TIM_PWM_MspInit
 .text.HAL_TIM_IC_CaptureCallback
                0x0000000008002456        0x2 Drivers/STM32F1xx_HAL_Driver/Src/stm32f1xx_hal_tim.o
                0x0000000008002456                HAL_TIM_IC_CaptureCallback
 .text.HAL_TIM_TriggerCallback
                0x0000000008002458        0x2 Drivers/STM32F1xx_HAL_Driver/Src/stm32f1xx_hal_tim.o
                0x0000000008002458                HAL_TIM_TriggerCallback
 .text.HAL_TIM_IRQHandler
                0x000000000800245a      0x144 Drivers/STM32F1xx_HAL_Driver/Src/stm32f1xx_hal_tim.o
                0x000000000800245a                HAL_TIM_IRQHandler
 *fill*         0x000000000800259e        0x2 
 .text.TIM_Base_SetConfig
                0x00000000080025a0       0x70 Drivers/STM32F1xx_HAL_Driver/Src/stm32f1xx_hal_tim.o
                0x00000000080025a0                TIM_Base_SetConfig
 .text.HAL_TIM_Base_Init
                0x0000000008002610       0x34 Drivers/STM32F1xx_HAL_Driver/Src/stm32f1xx_hal_tim.o
                0x0000000008002610                HAL_TIM_Base_Init
 .text.HAL_TIM_PWM_Init
                0x0000000008002644       0x34 Drivers/STM32F1xx_HAL_Driver/Src/stm32f1xx_hal_tim.o
                0x0000000008002644                HAL_TIM_PWM_Init
 .text.TIM_OC2_SetConfig
                0x0000000008002678       0x58 Drivers/STM32F1xx_HAL_Driver/Src/stm32f1xx_hal_tim.o
                0x0000000008002678                TIM_OC2_SetConfig
 .text.HAL_TIM_PWM_ConfigChannel
                0x00000000080026d0       0xc4 Drivers/STM32F1xx_HAL_Driver/Src/stm32f1xx_hal_tim.o
                0x00000000080026d0                HAL_TIM_PWM_ConfigChannel
 .text.TIM_ETR_SetConfig
                0x0000000008002794       0x14 Drivers/STM32F1xx_HAL_Driver/Src/stm32f1xx_hal_tim.o
                0x0000000008002794                TIM_ETR_SetConfig
 .text.HAL_TIM_ConfigClockSource
                0x00000000080027a8      0x128 Drivers/STM32F1xx_HAL_Driver/Src/stm32f1xx_hal_tim.o
                0x00000000080027a8                HAL_TIM_ConfigClockSource
 .text.TIM_SlaveTimer_SetConfig
                0x00000000080028d0       0xa4 Drivers/STM32F1xx_HAL_Driver/Src/stm32f1xx_hal_tim.o
 .text.HAL_TIM_SlaveConfigSynchro
                0x0000000008002974       0x4e Drivers/STM32F1xx_HAL_Driver/Src/stm32f1xx_hal_tim.o
                0x0000000008002974                HAL_TIM_SlaveConfigSynchro
 .text.TIM_CCxChannelCmd
                0x00000000080029c2       0x1c Drivers/STM32F1xx_HAL_Driver/Src/stm32f1xx_hal_tim.o
                0x00000000080029c2                TIM_CCxChannelCmd
 *fill*         0x00000000080029de        0x2 
 .text.HAL_TIM_OC_Start
                0x00000000080029e0       0x38 Drivers/STM32F1xx_HAL_Driver/Src/stm32f1xx_hal_tim.o
                0x00000000080029e0                HAL_TIM_OC_Start
 .text.HAL_TIM_PWM_Start
                0x0000000008002a18        0x4 Drivers/STM32F1xx_HAL_Driver/Src/stm32f1xx_hal_tim.o
                0x0000000008002a18                HAL_TIM_PWM_Start
 .text.HAL_TIM_PWM_Stop
                0x0000000008002a1c       0x5c Drivers/STM32F1xx_HAL_Driver/Src/stm32f1xx_hal_tim.o
                0x0000000008002a1c                HAL_TIM_PWM_Stop
 .text.HAL_TIMEx_MasterConfigSynchronization
                0x0000000008002a78       0x3c Drivers/STM32F1xx_HAL_Driver/Src/stm32f1xx_hal_tim_ex.o
                0x0000000008002a78                HAL_TIMEx_MasterConfigSynchronization
 .text.HAL_TIMEx_ConfigBreakDeadTime
                0x0000000008002ab4       0x4c Drivers/STM32F1xx_HAL_Driver/Src/stm32f1xx_hal_tim_ex.o
                0x0000000008002ab4                HAL_TIMEx_ConfigBreakDeadTime
 .text.HAL_TIMEx_CommutCallback
                0x0000000008002b00        0x2 Drivers/STM32F1xx_HAL_Driver/Src/stm32f1xx_hal_tim_ex.o
                0x0000000008002b00                HAL_TIMEx_CommutCallback
 .text.HAL_TIMEx_BreakCallback
                0x0000000008002b02        0x2 Drivers/STM32F1xx_HAL_Driver/Src/stm32f1xx_hal_tim_ex.o
                0x0000000008002b02                HAL_TIMEx_BreakCallback
 .text.USB_CoreInit
                0x0000000008002b04        0xe Drivers/STM32F1xx_HAL_Driver/Src/stm32f1xx_ll_usb.o
                0x0000000008002b04                USB_CoreInit
 .text.USB_EnableGlobalInt
                0x0000000008002b12       0x10 Drivers/STM32F1xx_HAL_Driver/Src/stm32f1xx_ll_usb.o
                0x0000000008002b12                USB_EnableGlobalInt
 .text.USB_DisableGlobalInt
                0x0000000008002b22       0x14 Drivers/STM32F1xx_HAL_Driver/Src/stm32f1xx_ll_usb.o
                0x0000000008002b22                USB_DisableGlobalInt
 .text.USB_SetCurrentMode
                0x0000000008002b36        0x4 Drivers/STM32F1xx_HAL_Driver/Src/stm32f1xx_ll_usb.o
                0x0000000008002b36                USB_SetCurrentMode
 .text.USB_DevInit
                0x0000000008002b3a       0x34 Drivers/STM32F1xx_HAL_Driver/Src/stm32f1xx_ll_usb.o
                0x0000000008002b3a                USB_DevInit
 *fill*         0x0000000008002b6e        0x2 
 .text.USB_ActivateEndpoint
                0x0000000008002b70      0x2b4 Drivers/STM32F1xx_HAL_Driver/Src/stm32f1xx_ll_usb.o
                0x0000000008002b70                USB_ActivateEndpoint
 .text.USB_DeactivateEndpoint
                0x0000000008002e24      0x18c Drivers/STM32F1xx_HAL_Driver/Src/stm32f1xx_ll_usb.o
                0x0000000008002e24                USB_DeactivateEndpoint
 .text.USB_EPSetStall
                0x0000000008002fb0       0x38 Drivers/STM32F1xx_HAL_Driver/Src/stm32f1xx_ll_usb.o
                0x0000000008002fb0                USB_EPSetStall
 .text.USB_EPClearStall
                0x0000000008002fe8       0x86 Drivers/STM32F1xx_HAL_Driver/Src/stm32f1xx_ll_usb.o
                0x0000000008002fe8                USB_EPClearStall
 .text.USB_SetDevAddress
                0x000000000800306e        0xc Drivers/STM32F1xx_HAL_Driver/Src/stm32f1xx_ll_usb.o
                0x000000000800306e                USB_SetDevAddress
 .text.USB_DevConnect
                0x000000000800307a        0x4 Drivers/STM32F1xx_HAL_Driver/Src/stm32f1xx_ll_usb.o
                0x000000000800307a                USB_DevConnect
 .text.USB_DevDisconnect
                0x000000000800307e        0x4 Drivers/STM32F1xx_HAL_Driver/Src/stm32f1xx_ll_usb.o
                0x000000000800307e                USB_DevDisconnect
 .text.USB_ReadInterrupts
                0x0000000008003082        0x6 Drivers/STM32F1xx_HAL_Driver/Src/stm32f1xx_ll_usb.o
                0x0000000008003082                USB_ReadInterrupts
 .text.USB_EP0_OutStart
                0x0000000008003088        0x4 Drivers/STM32F1xx_HAL_Driver/Src/stm32f1xx_ll_usb.o
                0x0000000008003088                USB_EP0_OutStart
 .text.USB_WritePMA
                0x000000000800308c       0x20 Drivers/STM32F1xx_HAL_Driver/Src/stm32f1xx_ll_usb.o
                0x000000000800308c                USB_WritePMA
 .text.USB_EPStartXfer
                0x00000000080030ac      0x1a8 Drivers/STM32F1xx_HAL_Driver/Src/stm32f1xx_ll_usb.o
                0x00000000080030ac                USB_EPStartXfer
 .text.USB_ReadPMA
                0x0000000008003254       0x38 Drivers/STM32F1xx_HAL_Driver/Src/stm32f1xx_ll_usb.o
                0x0000000008003254                USB_ReadPMA
 .text.USBD_CDC_EP0_RxReady
                0x000000000800328c       0x28 Middlewares/ST/STM32_USB_Device_Library/Class/CDC/Src/usbd_cdc.o
 .text.USBD_CDC_GetFSCfgDesc
                0x00000000080032b4        0xc Middlewares/ST/STM32_USB_Device_Library/Class/CDC/Src/usbd_cdc.o
 .text.USBD_CDC_GetHSCfgDesc
                0x00000000080032c0        0xc Middlewares/ST/STM32_USB_Device_Library/Class/CDC/Src/usbd_cdc.o
 .text.USBD_CDC_GetOtherSpeedCfgDesc
                0x00000000080032cc        0xc Middlewares/ST/STM32_USB_Device_Library/Class/CDC/Src/usbd_cdc.o
 .text.USBD_CDC_GetDeviceQualifierDescriptor
                0x00000000080032d8        0xc Middlewares/ST/STM32_USB_Device_Library/Class/CDC/Src/usbd_cdc.o
                0x00000000080032d8                USBD_CDC_GetDeviceQualifierDescriptor
 .text.USBD_CDC_DataOut
                0x00000000080032e4       0x2e Middlewares/ST/STM32_USB_Device_Library/Class/CDC/Src/usbd_cdc.o
 .text.USBD_CDC_DataIn
                0x0000000008003312       0x40 Middlewares/ST/STM32_USB_Device_Library/Class/CDC/Src/usbd_cdc.o
 .text.USBD_CDC_Setup
                0x0000000008003352       0xbc Middlewares/ST/STM32_USB_Device_Library/Class/CDC/Src/usbd_cdc.o
 .text.USBD_CDC_DeInit
                0x000000000800340e       0x42 Middlewares/ST/STM32_USB_Device_Library/Class/CDC/Src/usbd_cdc.o
 .text.USBD_CDC_Init
                0x0000000008003450       0xa6 Middlewares/ST/STM32_USB_Device_Library/Class/CDC/Src/usbd_cdc.o
 .text.USBD_CDC_RegisterInterface
                0x00000000080034f6        0xe Middlewares/ST/STM32_USB_Device_Library/Class/CDC/Src/usbd_cdc.o
                0x00000000080034f6                USBD_CDC_RegisterInterface
 .text.USBD_CDC_SetTxBuffer
                0x0000000008003504       0x10 Middlewares/ST/STM32_USB_Device_Library/Class/CDC/Src/usbd_cdc.o
                0x0000000008003504                USBD_CDC_SetTxBuffer
 .text.USBD_CDC_SetRxBuffer
                0x0000000008003514        0xc Middlewares/ST/STM32_USB_Device_Library/Class/CDC/Src/usbd_cdc.o
                0x0000000008003514                USBD_CDC_SetRxBuffer
 .text.USBD_CDC_TransmitPacket
                0x0000000008003520       0x32 Middlewares/ST/STM32_USB_Device_Library/Class/CDC/Src/usbd_cdc.o
                0x0000000008003520                USBD_CDC_TransmitPacket
 .text.USBD_Init
                0x0000000008003552       0x2a Middlewares/ST/STM32_USB_Device_Library/Core/Src/usbd_core.o
                0x0000000008003552                USBD_Init
 .text.USBD_RegisterClass
                0x000000000800357c        0xe Middlewares/ST/STM32_USB_Device_Library/Core/Src/usbd_core.o
                0x000000000800357c                USBD_RegisterClass
 .text.USBD_Start
                0x000000000800358a        0xa Middlewares/ST/STM32_USB_Device_Library/Core/Src/usbd_core.o
                0x000000000800358a                USBD_Start
 .text.USBD_SetClassConfig
                0x0000000008003594       0x16 Middlewares/ST/STM32_USB_Device_Library/Core/Src/usbd_core.o
                0x0000000008003594                USBD_SetClassConfig
 .text.USBD_ClrClassConfig
                0x00000000080035aa        0xe Middlewares/ST/STM32_USB_Device_Library/Core/Src/usbd_core.o
                0x00000000080035aa                USBD_ClrClassConfig
 .text.USBD_LL_SetupStage
                0x00000000080035b8       0x5a Middlewares/ST/STM32_USB_Device_Library/Core/Src/usbd_core.o
                0x00000000080035b8                USBD_LL_SetupStage
 .text.USBD_LL_DataOutStage
                0x0000000008003612       0x74 Middlewares/ST/STM32_USB_Device_Library/Core/Src/usbd_core.o
                0x0000000008003612                USBD_LL_DataOutStage
 .text.USBD_LL_DataInStage
                0x0000000008003686       0xb6 Middlewares/ST/STM32_USB_Device_Library/Core/Src/usbd_core.o
                0x0000000008003686                USBD_LL_DataInStage
 .text.USBD_LL_Reset
                0x000000000800373c       0x4e Middlewares/ST/STM32_USB_Device_Library/Core/Src/usbd_core.o
                0x000000000800373c                USBD_LL_Reset
 .text.USBD_LL_SetSpeed
                0x000000000800378a        0x6 Middlewares/ST/STM32_USB_Device_Library/Core/Src/usbd_core.o
                0x000000000800378a                USBD_LL_SetSpeed
 .text.USBD_LL_Suspend
                0x0000000008003790       0x12 Middlewares/ST/STM32_USB_Device_Library/Core/Src/usbd_core.o
                0x0000000008003790                USBD_LL_Suspend
 .text.USBD_LL_Resume
                0x00000000080037a2       0x14 Middlewares/ST/STM32_USB_Device_Library/Core/Src/usbd_core.o
                0x00000000080037a2                USBD_LL_Resume
 .text.USBD_LL_SOF
                0x00000000080037b6       0x18 Middlewares/ST/STM32_USB_Device_Library/Core/Src/usbd_core.o
                0x00000000080037b6                USBD_LL_SOF
 .text.USBD_CtlError.constprop.1
                0x00000000080037ce       0x16 Middlewares/ST/STM32_USB_Device_Library/Core/Src/usbd_ctlreq.o
 .text.USBD_StdDevReq
                0x00000000080037e4      0x248 Middlewares/ST/STM32_USB_Device_Library/Core/Src/usbd_ctlreq.o
                0x00000000080037e4                USBD_StdDevReq
 .text.USBD_StdItfReq
                0x0000000008003a2c       0x4a Middlewares/ST/STM32_USB_Device_Library/Core/Src/usbd_ctlreq.o
                0x0000000008003a2c                USBD_StdItfReq
 .text.USBD_StdEPReq
                0x0000000008003a76      0x112 Middlewares/ST/STM32_USB_Device_Library/Core/Src/usbd_ctlreq.o
                0x0000000008003a76                USBD_StdEPReq
 .text.USBD_ParseSetupRequest
                0x0000000008003b88       0x28 Middlewares/ST/STM32_USB_Device_Library/Core/Src/usbd_ctlreq.o
                0x0000000008003b88                USBD_ParseSetupRequest
 .text.USBD_CtlError
                0x0000000008003bb0       0x16 Middlewares/ST/STM32_USB_Device_Library/Core/Src/usbd_ctlreq.o
                0x0000000008003bb0                USBD_CtlError
 .text.USBD_GetString
                0x0000000008003bc6       0x38 Middlewares/ST/STM32_USB_Device_Library/Core/Src/usbd_ctlreq.o
                0x0000000008003bc6                USBD_GetString
 .text.USBD_CtlSendData
                0x0000000008003bfe       0x1a Middlewares/ST/STM32_USB_Device_Library/Core/Src/usbd_ioreq.o
                0x0000000008003bfe                USBD_CtlSendData
 .text.USBD_CtlContinueSendData
                0x0000000008003c18       0x10 Middlewares/ST/STM32_USB_Device_Library/Core/Src/usbd_ioreq.o
                0x0000000008003c18                USBD_CtlContinueSendData
 .text.USBD_CtlPrepareRx
                0x0000000008003c28       0x1e Middlewares/ST/STM32_USB_Device_Library/Core/Src/usbd_ioreq.o
                0x0000000008003c28                USBD_CtlPrepareRx
 .text.USBD_CtlContinueRx
                0x0000000008003c46       0x10 Middlewares/ST/STM32_USB_Device_Library/Core/Src/usbd_ioreq.o
                0x0000000008003c46                USBD_CtlContinueRx
 .text.USBD_CtlSendStatus
                0x0000000008003c56       0x16 Middlewares/ST/STM32_USB_Device_Library/Core/Src/usbd_ioreq.o
                0x0000000008003c56                USBD_CtlSendStatus
 .text.USBD_CtlReceiveStatus
                0x0000000008003c6c       0x16 Middlewares/ST/STM32_USB_Device_Library/Core/Src/usbd_ioreq.o
                0x0000000008003c6c                USBD_CtlReceiveStatus
 *fill*         0x0000000008003c82        0x2 
 .text.osKernelInitialize
                0x0000000008003c84       0x38 Middlewares/Third_Party/FreeRTOS/Source/CMSIS_RTOS_V2/cmsis_os2.o
                0x0000000008003c84                osKernelInitialize
 .text.osKernelStart
                0x0000000008003cbc       0x40 Middlewares/Third_Party/FreeRTOS/Source/CMSIS_RTOS_V2/cmsis_os2.o
                0x0000000008003cbc                osKernelStart
 .text.osThreadNew
                0x0000000008003cfc       0xb8 Middlewares/Third_Party/FreeRTOS/Source/CMSIS_RTOS_V2/cmsis_os2.o
                0x0000000008003cfc                osThreadNew
 .text.osMessageQueueNew
                0x0000000008003db4       0x90 Middlewares/Third_Party/FreeRTOS/Source/CMSIS_RTOS_V2/cmsis_os2.o
                0x0000000008003db4                osMessageQueueNew
 .text.vApplicationGetIdleTaskMemory
                0x0000000008003e44       0x18 Middlewares/Third_Party/FreeRTOS/Source/CMSIS_RTOS_V2/cmsis_os2.o
                0x0000000008003e44                vApplicationGetIdleTaskMemory
 .text.vApplicationGetTimerTaskMemory
                0x0000000008003e5c       0x18 Middlewares/Third_Party/FreeRTOS/Source/CMSIS_RTOS_V2/cmsis_os2.o
                0x0000000008003e5c                vApplicationGetTimerTaskMemory
 .text.vListInitialise
                0x0000000008003e74       0x16 Middlewares/Third_Party/FreeRTOS/Source/list.o
                0x0000000008003e74                vListInitialise
 .text.vListInitialiseItem
                0x0000000008003e8a        0x6 Middlewares/Third_Party/FreeRTOS/Source/list.o
                0x0000000008003e8a                vListInitialiseItem
 .text.vListInsertEnd
                0x0000000008003e90       0x18 Middlewares/Third_Party/FreeRTOS/Source/list.o
                0x0000000008003e90                vListInsertEnd
 .text.vListInsert
                0x0000000008003ea8       0x2e Middlewares/Third_Party/FreeRTOS/Source/list.o
                0x0000000008003ea8                vListInsert
 .text.uxListRemove
                0x0000000008003ed6       0x22 Middlewares/Third_Party/FreeRTOS/Source/list.o
                0x0000000008003ed6                uxListRemove
 .text.prvIsQueueEmpty
                0x0000000008003ef8       0x16 Middlewares/Third_Party/FreeRTOS/Source/queue.o
 .text.prvCopyDataToQueue
                0x0000000008003f0e       0x66 Middlewares/Third_Party/FreeRTOS/Source/queue.o
 .text.prvCopyDataFromQueue
                0x0000000008003f74       0x28 Middlewares/Third_Party/FreeRTOS/Source/queue.o
 .text.prvUnlockQueue
                0x0000000008003f9c       0x70 Middlewares/Third_Party/FreeRTOS/Source/queue.o
 .text.xQueueGenericReset
                0x000000000800400c       0x8c Middlewares/Third_Party/FreeRTOS/Source/queue.o
                0x000000000800400c                xQueueGenericReset
 .text.xQueueGenericCreateStatic
                0x0000000008004098       0xc8 Middlewares/Third_Party/FreeRTOS/Source/queue.o
                0x0000000008004098                xQueueGenericCreateStatic
 .text.xQueueGenericCreate
                0x0000000008004160       0x54 Middlewares/Third_Party/FreeRTOS/Source/queue.o
                0x0000000008004160                xQueueGenericCreate
 .text.xQueueGenericSend
                0x00000000080041b4      0x190 Middlewares/Third_Party/FreeRTOS/Source/queue.o
                0x00000000080041b4                xQueueGenericSend
 .text.xQueueGenericSendFromISR
                0x0000000008004344       0xe4 Middlewares/Third_Party/FreeRTOS/Source/queue.o
                0x0000000008004344                xQueueGenericSendFromISR
 .text.xQueueReceive
                0x0000000008004428      0x160 Middlewares/Third_Party/FreeRTOS/Source/queue.o
                0x0000000008004428                xQueueReceive
 .text.vQueueAddToRegistry
                0x0000000008004588       0x24 Middlewares/Third_Party/FreeRTOS/Source/queue.o
                0x0000000008004588                vQueueAddToRegistry
 .text.vQueueWaitForMessageRestricted
                0x00000000080045ac       0x46 Middlewares/Third_Party/FreeRTOS/Source/queue.o
                0x00000000080045ac                vQueueWaitForMessageRestricted
 *fill*         0x00000000080045f2        0x2 
 .text.prvAddNewTaskToReadyList
                0x00000000080045f4       0xfc Middlewares/Third_Party/FreeRTOS/Source/tasks.o
 .text.prvResetNextTaskUnblockTime
                0x00000000080046f0       0x24 Middlewares/Third_Party/FreeRTOS/Source/tasks.o
 .text.prvInitialiseNewTask.isra.2
                0x0000000008004714       0x86 Middlewares/Third_Party/FreeRTOS/Source/tasks.o
 *fill*         0x000000000800479a        0x2 
 .text.prvDeleteTCB
                0x000000000800479c       0x44 Middlewares/Third_Party/FreeRTOS/Source/tasks.o
 .text.prvIdleTask
                0x00000000080047e0       0x64 Middlewares/Third_Party/FreeRTOS/Source/tasks.o
 .text.prvAddCurrentTaskToDelayedList
                0x0000000008004844       0x74 Middlewares/Third_Party/FreeRTOS/Source/tasks.o
 .text.xTaskCreateStatic
                0x00000000080048b8       0x90 Middlewares/Third_Party/FreeRTOS/Source/tasks.o
                0x00000000080048b8                xTaskCreateStatic
 .text.xTaskCreate
                0x0000000008004948       0x5a Middlewares/Third_Party/FreeRTOS/Source/tasks.o
                0x0000000008004948                xTaskCreate
 *fill*         0x00000000080049a2        0x2 
 .text.vTaskStartScheduler
                0x00000000080049a4       0x94 Middlewares/Third_Party/FreeRTOS/Source/tasks.o
                0x00000000080049a4                vTaskStartScheduler
 .text.vTaskSuspendAll
                0x0000000008004a38       0x10 Middlewares/Third_Party/FreeRTOS/Source/tasks.o
                0x0000000008004a38                vTaskSuspendAll
 .text.xTaskGetTickCount
                0x0000000008004a48        0xc Middlewares/Third_Party/FreeRTOS/Source/tasks.o
                0x0000000008004a48                xTaskGetTickCount
 .text.xTaskIncrementTick
                0x0000000008004a54      0x12c Middlewares/Third_Party/FreeRTOS/Source/tasks.o
                0x0000000008004a54                xTaskIncrementTick
 .text.xTaskResumeAll
                0x0000000008004b80       0xf8 Middlewares/Third_Party/FreeRTOS/Source/tasks.o
                0x0000000008004b80                xTaskResumeAll
 .text.vTaskSwitchContext
                0x0000000008004c78       0x88 Middlewares/Third_Party/FreeRTOS/Source/tasks.o
                0x0000000008004c78                vTaskSwitchContext
 .text.vTaskPlaceOnEventList
                0x0000000008004d00       0x40 Middlewares/Third_Party/FreeRTOS/Source/tasks.o
                0x0000000008004d00                vTaskPlaceOnEventList
 .text.vTaskPlaceOnEventListRestricted
                0x0000000008004d40       0x4c Middlewares/Third_Party/FreeRTOS/Source/tasks.o
                0x0000000008004d40                vTaskPlaceOnEventListRestricted
 .text.xTaskRemoveFromEventList
                0x0000000008004d8c       0x90 Middlewares/Third_Party/FreeRTOS/Source/tasks.o
                0x0000000008004d8c                xTaskRemoveFromEventList
 .text.vTaskInternalSetTimeOutState
                0x0000000008004e1c       0x18 Middlewares/Third_Party/FreeRTOS/Source/tasks.o
                0x0000000008004e1c                vTaskInternalSetTimeOutState
 .text.xTaskCheckForTimeOut
                0x0000000008004e34       0x90 Middlewares/Third_Party/FreeRTOS/Source/tasks.o
                0x0000000008004e34                xTaskCheckForTimeOut
 .text.vTaskMissedYield
                0x0000000008004ec4        0xc Middlewares/Third_Party/FreeRTOS/Source/tasks.o
                0x0000000008004ec4                vTaskMissedYield
 .text.xTaskGetSchedulerState
                0x0000000008004ed0       0x20 Middlewares/Third_Party/FreeRTOS/Source/tasks.o
                0x0000000008004ed0                xTaskGetSchedulerState
 .text.xTaskPriorityDisinherit
                0x0000000008004ef0       0x9c Middlewares/Third_Party/FreeRTOS/Source/tasks.o
                0x0000000008004ef0                xTaskPriorityDisinherit
 .text.xTaskGenericNotifyFromISR
                0x0000000008004f8c      0x11c Middlewares/Third_Party/FreeRTOS/Source/tasks.o
                0x0000000008004f8c                xTaskGenericNotifyFromISR
 .text.prvCheckForValidListAndQueue
                0x00000000080050a8       0x68 Middlewares/Third_Party/FreeRTOS/Source/timers.o
 .text.prvInsertTimerInActiveList
                0x0000000008005110       0x3c Middlewares/Third_Party/FreeRTOS/Source/timers.o
 .text.xTimerCreateTimerTask
                0x000000000800514c       0x74 Middlewares/Third_Party/FreeRTOS/Source/timers.o
                0x000000000800514c                xTimerCreateTimerTask
 .text.xTimerGenericCommand
                0x00000000080051c0       0x64 Middlewares/Third_Party/FreeRTOS/Source/timers.o
                0x00000000080051c0                xTimerGenericCommand
 .text.prvSwitchTimerLists
                0x0000000008005224       0x8c Middlewares/Third_Party/FreeRTOS/Source/timers.o
 .text.prvTimerTask
                0x00000000080052b0      0x1f4 Middlewares/Third_Party/FreeRTOS/Source/timers.o
 .text.unlikely.prvPortStartFirstTask
                0x00000000080054a4       0x20 Middlewares/Third_Party/FreeRTOS/Source/portable/GCC/ARM_CM3/port.o
 .text.prvTaskExitError
                0x00000000080054c4       0x4c Middlewares/Third_Party/FreeRTOS/Source/portable/GCC/ARM_CM3/port.o
 .text.pxPortInitialiseStack
                0x0000000008005510       0x24 Middlewares/Third_Party/FreeRTOS/Source/portable/GCC/ARM_CM3/port.o
                0x0000000008005510                pxPortInitialiseStack
 *fill*         0x0000000008005534        0xc 
 .text.SVC_Handler
                0x0000000008005540       0x24 Middlewares/Third_Party/FreeRTOS/Source/portable/GCC/ARM_CM3/port.o
                0x0000000008005540                SVC_Handler
 .text.vPortEnterCritical
                0x0000000008005564       0x54 Middlewares/Third_Party/FreeRTOS/Source/portable/GCC/ARM_CM3/port.o
                0x0000000008005564                vPortEnterCritical
 .text.vPortExitCritical
                0x00000000080055b8       0x38 Middlewares/Third_Party/FreeRTOS/Source/portable/GCC/ARM_CM3/port.o
                0x00000000080055b8                vPortExitCritical
 .text.PendSV_Handler
                0x00000000080055f0       0x44 Middlewares/Third_Party/FreeRTOS/Source/portable/GCC/ARM_CM3/port.o
                0x00000000080055f0                PendSV_Handler
 .text.SysTick_Handler
                0x0000000008005634       0x2c Middlewares/Third_Party/FreeRTOS/Source/portable/GCC/ARM_CM3/port.o
                0x0000000008005634                SysTick_Handler
 .text.vPortSetupTimerInterrupt
                0x0000000008005660       0x34 Middlewares/Third_Party/FreeRTOS/Source/portable/GCC/ARM_CM3/port.o
                0x0000000008005660                vPortSetupTimerInterrupt
 .text.xPortStartScheduler
                0x0000000008005694       0xc4 Middlewares/Third_Party/FreeRTOS/Source/portable/GCC/ARM_CM3/port.o
                0x0000000008005694                xPortStartScheduler
 .text.vPortValidateInterruptPriority
                0x0000000008005758       0x74 Middlewares/Third_Party/FreeRTOS/Source/portable/GCC/ARM_CM3/port.o
                0x0000000008005758                vPortValidateInterruptPriority
 .text.pvPortMalloc
                0x00000000080057cc       0x5c Middlewares/Third_Party/FreeRTOS/Source/portable/MemMang/heap_1.o
                0x00000000080057cc                pvPortMalloc
 .text.vPortFree
                0x0000000008005828       0x24 Middlewares/Third_Party/FreeRTOS/Source/portable/MemMang/heap_1.o
                0x0000000008005828                vPortFree
 .text.MX_USB_DEVICE_Init
                0x000000000800584c       0x50 USB_DEVICE/App/usb_device.o
                0x000000000800584c                MX_USB_DEVICE_Init
 .text.CDC_DeInit_FS
                0x000000000800589c        0x4 USB_DEVICE/App/usbd_cdc_if.o
 .text.CDC_Control_FS
                0x00000000080058a0        0x4 USB_DEVICE/App/usbd_cdc_if.o
 .text.CDC_Receive_FS
                0x00000000080058a4        0x4 USB_DEVICE/App/usbd_cdc_if.o
 .text.CDC_Init_FS
                0x00000000080058a8       0x28 USB_DEVICE/App/usbd_cdc_if.o
 .text.CDC_Transmit_FS
                0x00000000080058d0       0x2c USB_DEVICE/App/usbd_cdc_if.o
                0x00000000080058d0                CDC_Transmit_FS
 .text.USBD_FS_DeviceDescriptor
                0x00000000080058fc        0xc USB_DEVICE/App/usbd_desc.o
                0x00000000080058fc                USBD_FS_DeviceDescriptor
 .text.USBD_FS_LangIDStrDescriptor
                0x0000000008005908        0xc USB_DEVICE/App/usbd_desc.o
                0x0000000008005908                USBD_FS_LangIDStrDescriptor
 .text.IntToUnicode
                0x0000000008005914       0x2a USB_DEVICE/App/usbd_desc.o
 *fill*         0x000000000800593e        0x2 
 .text.USBD_FS_SerialStrDescriptor
                0x0000000008005940       0x40 USB_DEVICE/App/usbd_desc.o
                0x0000000008005940                USBD_FS_SerialStrDescriptor
 .text.USBD_FS_ManufacturerStrDescriptor
                0x0000000008005980       0x1c USB_DEVICE/App/usbd_desc.o
                0x0000000008005980                USBD_FS_ManufacturerStrDescriptor
 .text.USBD_FS_ProductStrDescriptor
                0x000000000800599c       0x1c USB_DEVICE/App/usbd_desc.o
                0x000000000800599c                USBD_FS_ProductStrDescriptor
 .text.USBD_FS_ConfigStrDescriptor
                0x00000000080059b8       0x1c USB_DEVICE/App/usbd_desc.o
                0x00000000080059b8                USBD_FS_ConfigStrDescriptor
 .text.USBD_FS_InterfaceStrDescriptor
                0x00000000080059d4       0x1c USB_DEVICE/App/usbd_desc.o
                0x00000000080059d4                USBD_FS_InterfaceStrDescriptor
 .text.HAL_PCD_MspInit
                0x00000000080059f0       0x40 USB_DEVICE/Target/usbd_conf.o
                0x00000000080059f0                HAL_PCD_MspInit
 .text.HAL_PCD_SetupStageCallback
                0x0000000008005a30        0xc USB_DEVICE/Target/usbd_conf.o
                0x0000000008005a30                HAL_PCD_SetupStageCallback
 .text.HAL_PCD_DataOutStageCallback
                0x0000000008005a3c       0x10 USB_DEVICE/Target/usbd_conf.o
                0x0000000008005a3c                HAL_PCD_DataOutStageCallback
 .text.HAL_PCD_DataInStageCallback
                0x0000000008005a4c        0xe USB_DEVICE/Target/usbd_conf.o
                0x0000000008005a4c                HAL_PCD_DataInStageCallback
 .text.HAL_PCD_SOFCallback
                0x0000000008005a5a        0x8 USB_DEVICE/Target/usbd_conf.o
                0x0000000008005a5a                HAL_PCD_SOFCallback
 .text.HAL_PCD_ResetCallback
                0x0000000008005a62       0x24 USB_DEVICE/Target/usbd_conf.o
                0x0000000008005a62                HAL_PCD_ResetCallback
 *fill*         0x0000000008005a86        0x2 
 .text.HAL_PCD_SuspendCallback
                0x0000000008005a88       0x20 USB_DEVICE/Target/usbd_conf.o
                0x0000000008005a88                HAL_PCD_SuspendCallback
 .text.HAL_PCD_ResumeCallback
                0x0000000008005aa8        0x8 USB_DEVICE/Target/usbd_conf.o
                0x0000000008005aa8                HAL_PCD_ResumeCallback
 .text.USBD_LL_Init
                0x0000000008005ab0       0x84 USB_DEVICE/Target/usbd_conf.o
                0x0000000008005ab0                USBD_LL_Init
 .text.USBD_LL_Start
                0x0000000008005b34       0x1c USB_DEVICE/Target/usbd_conf.o
                0x0000000008005b34                USBD_LL_Start
 .text.USBD_LL_OpenEP
                0x0000000008005b50       0x20 USB_DEVICE/Target/usbd_conf.o
                0x0000000008005b50                USBD_LL_OpenEP
 .text.USBD_LL_CloseEP
                0x0000000008005b70       0x1c USB_DEVICE/Target/usbd_conf.o
                0x0000000008005b70                USBD_LL_CloseEP
 .text.USBD_LL_StallEP
                0x0000000008005b8c       0x1c USB_DEVICE/Target/usbd_conf.o
                0x0000000008005b8c                USBD_LL_StallEP
 .text.USBD_LL_ClearStallEP
                0x0000000008005ba8       0x1c USB_DEVICE/Target/usbd_conf.o
                0x0000000008005ba8                USBD_LL_ClearStallEP
 .text.USBD_LL_IsStallEP
                0x0000000008005bc4       0x20 USB_DEVICE/Target/usbd_conf.o
                0x0000000008005bc4                USBD_LL_IsStallEP
 .text.USBD_LL_SetUSBAddress
                0x0000000008005be4       0x1c USB_DEVICE/Target/usbd_conf.o
                0x0000000008005be4                USBD_LL_SetUSBAddress
 .text.USBD_LL_Transmit
                0x0000000008005c00       0x1c USB_DEVICE/Target/usbd_conf.o
                0x0000000008005c00                USBD_LL_Transmit
 .text.USBD_LL_PrepareReceive
                0x0000000008005c1c       0x1c USB_DEVICE/Target/usbd_conf.o
                0x0000000008005c1c                USBD_LL_PrepareReceive
 .text.USBD_LL_GetRxDataSize
                0x0000000008005c38        0x8 USB_DEVICE/Target/usbd_conf.o
                0x0000000008005c38                USBD_LL_GetRxDataSize
 .text.USBD_static_malloc
                0x0000000008005c40        0x8 USB_DEVICE/Target/usbd_conf.o
                0x0000000008005c40                USBD_static_malloc
 .text.USBD_static_free
                0x0000000008005c48        0x2 USB_DEVICE/Target/usbd_conf.o
                0x0000000008005c48                USBD_static_free
 .text.HAL_PCDEx_SetConnectionState
                0x0000000008005c4a        0x2 USB_DEVICE/Target/usbd_conf.o
                0x0000000008005c4a                HAL_PCDEx_SetConnectionState
 .text.__libc_init_array
                0x0000000008005c4c       0x48 /Applications/STM32CubeIDE.app/Contents/Eclipse/plugins/com.st.stm32cube.ide.mcu.externaltools.gnu-tools-for-stm32.7-2018-q2-update.macos64_1.4.0.202007081208/tools/bin/../lib/gcc/arm-none-eabi/7.3.1/../../../../arm-none-eabi/lib/thumb/v7-m/libc_nano.a(lib_a-init.o)
                0x0000000008005c4c                __libc_init_array
 .text.memcpy   0x0000000008005c94       0x16 /Applications/STM32CubeIDE.app/Contents/Eclipse/plugins/com.st.stm32cube.ide.mcu.externaltools.gnu-tools-for-stm32.7-2018-q2-update.macos64_1.4.0.202007081208/tools/bin/../lib/gcc/arm-none-eabi/7.3.1/../../../../arm-none-eabi/lib/thumb/v7-m/libc_nano.a(lib_a-memcpy-stub.o)
                0x0000000008005c94                memcpy
 .text.memset   0x0000000008005caa       0x10 /Applications/STM32CubeIDE.app/Contents/Eclipse/plugins/com.st.stm32cube.ide.mcu.externaltools.gnu-tools-for-stm32.7-2018-q2-update.macos64_1.4.0.202007081208/tools/bin/../lib/gcc/arm-none-eabi/7.3.1/../../../../arm-none-eabi/lib/thumb/v7-m/libc_nano.a(lib_a-memset.o)
                0x0000000008005caa                memset
 *(.glue_7)
 .glue_7        0x0000000008005cba        0x0 linker stubs
 *(.glue_7t)
 .glue_7t       0x0000000008005cba        0x0 linker stubs
 *(.eh_frame)
 *fill*         0x0000000008005cba        0x2 
 .eh_frame      0x0000000008005cbc        0x0 /Applications/STM32CubeIDE.app/Contents/Eclipse/plugins/com.st.stm32cube.ide.mcu.externaltools.gnu-tools-for-stm32.7-2018-q2-update.macos64_1.4.0.202007081208/tools/bin/../lib/gcc/arm-none-eabi/7.3.1/thumb/v7-m/crtbegin.o
 *(.init)
 .init          0x0000000008005cbc        0x4 /Applications/STM32CubeIDE.app/Contents/Eclipse/plugins/com.st.stm32cube.ide.mcu.externaltools.gnu-tools-for-stm32.7-2018-q2-update.macos64_1.4.0.202007081208/tools/bin/../lib/gcc/arm-none-eabi/7.3.1/thumb/v7-m/crti.o
                0x0000000008005cbc                _init
 .init          0x0000000008005cc0        0x8 /Applications/STM32CubeIDE.app/Contents/Eclipse/plugins/com.st.stm32cube.ide.mcu.externaltools.gnu-tools-for-stm32.7-2018-q2-update.macos64_1.4.0.202007081208/tools/bin/../lib/gcc/arm-none-eabi/7.3.1/thumb/v7-m/crtn.o
 *(.fini)
 .fini          0x0000000008005cc8        0x4 /Applications/STM32CubeIDE.app/Contents/Eclipse/plugins/com.st.stm32cube.ide.mcu.externaltools.gnu-tools-for-stm32.7-2018-q2-update.macos64_1.4.0.202007081208/tools/bin/../lib/gcc/arm-none-eabi/7.3.1/thumb/v7-m/crti.o
                0x0000000008005cc8                _fini
 .fini          0x0000000008005ccc        0x8 /Applications/STM32CubeIDE.app/Contents/Eclipse/plugins/com.st.stm32cube.ide.mcu.externaltools.gnu-tools-for-stm32.7-2018-q2-update.macos64_1.4.0.202007081208/tools/bin/../lib/gcc/arm-none-eabi/7.3.1/thumb/v7-m/crtn.o
                0x0000000008005cd4                . = ALIGN (0x4)
                0x0000000008005cd4                _etext = .

.vfp11_veneer   0x0000000008005cd4        0x0
 .vfp11_veneer  0x0000000008005cd4        0x0 linker stubs

.v4_bx          0x0000000008005cd4        0x0
 .v4_bx         0x0000000008005cd4        0x0 linker stubs

.iplt           0x0000000008005cd4        0x0
 .iplt          0x0000000008005cd4        0x0 /Applications/STM32CubeIDE.app/Contents/Eclipse/plugins/com.st.stm32cube.ide.mcu.externaltools.gnu-tools-for-stm32.7-2018-q2-update.macos64_1.4.0.202007081208/tools/bin/../lib/gcc/arm-none-eabi/7.3.1/thumb/v7-m/crtbegin.o

.rodata         0x0000000008005cd4      0x294
                0x0000000008005cd4                . = ALIGN (0x4)
 *(.rodata)
 .rodata        0x0000000008005cd4       0x10 Drivers/STM32F1xx_HAL_Driver/Src/stm32f1xx_hal_rcc.o
 *(.rodata*)
 .rodata.assert_failed.str1.1
                0x0000000008005ce4       0x27 Core/Src/main.o
 *fill*         0x0000000008005d0b        0x1 
 .rodata.defaultTask_attributes
                0x0000000008005d0c       0x24 Core/Src/main.o
                0x0000000008005d0c                defaultTask_attributes
 .rodata.frameQueue_attributes
                0x0000000008005d30       0x18 Core/Src/main.o
                0x0000000008005d30                frameQueue_attributes
 .rodata.msg.9811
                0x0000000008005d48       0x10 Core/Src/main.o
 .rodata.str1.1
                0x0000000008005d58       0x2e Core/Src/main.o
 *fill*         0x0000000008005d86        0x2 
 .rodata.taskAuto_attributes
                0x0000000008005d88       0x24 Core/Src/main.o
                0x0000000008005d88                taskAuto_attributes
 .rodata.txrxFrameTask_attributes
                0x0000000008005dac       0x24 Core/Src/main.o
                0x0000000008005dac                txrxFrameTask_attributes
 .rodata.AHBPrescTable
                0x0000000008005dd0       0x10 Core/Src/system_stm32f1xx.o
                0x0000000008005dd0                AHBPrescTable
 .rodata.APBPrescTable
                0x0000000008005de0        0x8 Core/Src/system_stm32f1xx.o
                0x0000000008005de0                APBPrescTable
 .rodata.xQueueGenericReset.str1.1
                0x0000000008005de8       0x33 Middlewares/Third_Party/FreeRTOS/Source/queue.o
 .rodata.prvTaskIsTaskSuspended.part.1.str1.1
                0x0000000008005e1b       0x33 Middlewares/Third_Party/FreeRTOS/Source/tasks.o
 .rodata.vTaskStartScheduler.str1.1
                0x0000000008005e4e        0x5 Middlewares/Third_Party/FreeRTOS/Source/tasks.o
 .rodata.prvCheckForValidListAndQueue.str1.1
                0x0000000008005e53        0x5 Middlewares/Third_Party/FreeRTOS/Source/timers.o
 .rodata.prvInitialiseNewTimer.part.1.str1.1
                0x0000000008005e58       0x34 Middlewares/Third_Party/FreeRTOS/Source/timers.o
 .rodata.xTimerCreateTimerTask.str1.1
                0x0000000008005e8c        0x8 Middlewares/Third_Party/FreeRTOS/Source/timers.o
 .rodata.prvTaskExitError.str1.1
                0x0000000008005e94       0x47 Middlewares/Third_Party/FreeRTOS/Source/portable/GCC/ARM_CM3/port.o
 .rodata.vPortFree.str1.1
                0x0000000008005edb       0x45 Middlewares/Third_Party/FreeRTOS/Source/portable/MemMang/heap_1.o
 .rodata.USBD_FS_ConfigStrDescriptor.str1.1
                0x0000000008005f20        0xb USB_DEVICE/App/usbd_desc.o
 .rodata.USBD_FS_InterfaceStrDescriptor.str1.1
                0x0000000008005f2b        0xe USB_DEVICE/App/usbd_desc.o
 .rodata.USBD_FS_ManufacturerStrDescriptor.str1.1
                0x0000000008005f39       0x13 USB_DEVICE/App/usbd_desc.o
 .rodata.USBD_FS_ProductStrDescriptor.str1.1
                0x0000000008005f4c       0x16 USB_DEVICE/App/usbd_desc.o
 .rodata.CSWTCH.3
                0x0000000008005f62        0x4 USB_DEVICE/Target/usbd_conf.o
                0x0000000008005f68                . = ALIGN (0x4)
 *fill*         0x0000000008005f66        0x2 

.rel.dyn        0x0000000008005f68        0x0
 .rel.iplt      0x0000000008005f68        0x0 /Applications/STM32CubeIDE.app/Contents/Eclipse/plugins/com.st.stm32cube.ide.mcu.externaltools.gnu-tools-for-stm32.7-2018-q2-update.macos64_1.4.0.202007081208/tools/bin/../lib/gcc/arm-none-eabi/7.3.1/thumb/v7-m/crtbegin.o

.ARM.extab      0x0000000008005f68        0x0
                0x0000000008005f68                . = ALIGN (0x4)
 *(.ARM.extab* .gnu.linkonce.armextab.*)
                0x0000000008005f68                . = ALIGN (0x4)

.ARM            0x0000000008005f68        0x0
                0x0000000008005f68                . = ALIGN (0x4)
                0x0000000008005f68                __exidx_start = .
 *(.ARM.exidx*)
                0x0000000008005f68                __exidx_end = .
                0x0000000008005f68                . = ALIGN (0x4)

.preinit_array  0x0000000008005f68        0x0
                0x0000000008005f68                . = ALIGN (0x4)
                0x0000000008005f68                PROVIDE (__preinit_array_start = .)
 *(.preinit_array*)
                0x0000000008005f68                PROVIDE (__preinit_array_end = .)
                0x0000000008005f68                . = ALIGN (0x4)

.init_array     0x0000000008005f68        0x4
                0x0000000008005f68                . = ALIGN (0x4)
                0x0000000008005f68                PROVIDE (__init_array_start = .)
 *(SORT_BY_NAME(.init_array.*))
 *(.init_array*)
 .init_array    0x0000000008005f68        0x4 /Applications/STM32CubeIDE.app/Contents/Eclipse/plugins/com.st.stm32cube.ide.mcu.externaltools.gnu-tools-for-stm32.7-2018-q2-update.macos64_1.4.0.202007081208/tools/bin/../lib/gcc/arm-none-eabi/7.3.1/thumb/v7-m/crtbegin.o
                0x0000000008005f6c                PROVIDE (__init_array_end = .)
                0x0000000008005f6c                . = ALIGN (0x4)

.fini_array     0x0000000008005f6c        0x4
                0x0000000008005f6c                . = ALIGN (0x4)
                [!provide]                        PROVIDE (__fini_array_start = .)
 *(SORT_BY_NAME(.fini_array.*))
 *(.fini_array*)
 .fini_array    0x0000000008005f6c        0x4 /Applications/STM32CubeIDE.app/Contents/Eclipse/plugins/com.st.stm32cube.ide.mcu.externaltools.gnu-tools-for-stm32.7-2018-q2-update.macos64_1.4.0.202007081208/tools/bin/../lib/gcc/arm-none-eabi/7.3.1/thumb/v7-m/crtbegin.o
                [!provide]                        PROVIDE (__fini_array_end = .)
                0x0000000008005f70                . = ALIGN (0x4)
                0x0000000008005f70                _sidata = LOADADDR (.data)

.data           0x0000000020000000      0x180 load address 0x0000000008005f70
                0x0000000020000000                . = ALIGN (0x4)
                0x0000000020000000                _sdata = .
 *(.data)
 *(.data*)
 .data.SystemCoreClock
                0x0000000020000000        0x4 Core/Src/system_stm32f1xx.o
                0x0000000020000000                SystemCoreClock
 .data.uwTickFreq
                0x0000000020000004        0x1 Drivers/STM32F1xx_HAL_Driver/Src/stm32f1xx_hal.o
                0x0000000020000004                uwTickFreq
 *fill*         0x0000000020000005        0x3 
 .data.uwTickPrio
                0x0000000020000008        0x4 Drivers/STM32F1xx_HAL_Driver/Src/stm32f1xx_hal.o
                0x0000000020000008                uwTickPrio
 .data.USBD_CDC
                0x000000002000000c       0x38 Middlewares/ST/STM32_USB_Device_Library/Class/CDC/Src/usbd_cdc.o
                0x000000002000000c                USBD_CDC
 .data.USBD_CDC_CfgFSDesc
                0x0000000020000044       0x43 Middlewares/ST/STM32_USB_Device_Library/Class/CDC/Src/usbd_cdc.o
                0x0000000020000044                USBD_CDC_CfgFSDesc
 *fill*         0x0000000020000087        0x1 
 .data.USBD_CDC_CfgHSDesc
                0x0000000020000088       0x43 Middlewares/ST/STM32_USB_Device_Library/Class/CDC/Src/usbd_cdc.o
                0x0000000020000088                USBD_CDC_CfgHSDesc
 *fill*         0x00000000200000cb        0x1 
 .data.USBD_CDC_DeviceQualifierDesc
                0x00000000200000cc        0xa Middlewares/ST/STM32_USB_Device_Library/Class/CDC/Src/usbd_cdc.o
 *fill*         0x00000000200000d6        0x2 
 .data.USBD_CDC_OtherSpeedCfgDesc
                0x00000000200000d8       0x43 Middlewares/ST/STM32_USB_Device_Library/Class/CDC/Src/usbd_cdc.o
                0x00000000200000d8                USBD_CDC_OtherSpeedCfgDesc
 *fill*         0x000000002000011b        0x1 
 .data.uxCriticalNesting
                0x000000002000011c        0x4 Middlewares/Third_Party/FreeRTOS/Source/portable/GCC/ARM_CM3/port.o
 .data.USBD_Interface_fops_FS
                0x0000000020000120       0x10 USB_DEVICE/App/usbd_cdc_if.o
                0x0000000020000120                USBD_Interface_fops_FS
 .data.FS_Desc  0x0000000020000130       0x1c USB_DEVICE/App/usbd_desc.o
                0x0000000020000130                FS_Desc
 .data.USBD_FS_DeviceDesc
                0x000000002000014c       0x12 USB_DEVICE/App/usbd_desc.o
                0x000000002000014c                USBD_FS_DeviceDesc
 *fill*         0x000000002000015e        0x2 
 .data.USBD_LangIDDesc
                0x0000000020000160        0x4 USB_DEVICE/App/usbd_desc.o
                0x0000000020000160                USBD_LangIDDesc
 .data.USBD_StringSerial
                0x0000000020000164       0x1a USB_DEVICE/App/usbd_desc.o
                0x0000000020000164                USBD_StringSerial
                0x0000000020000180                . = ALIGN (0x4)
 *fill*         0x000000002000017e        0x2 
                0x0000000020000180                _edata = .

.igot.plt       0x0000000020000180        0x0 load address 0x00000000080060f0
 .igot.plt      0x0000000020000180        0x0 /Applications/STM32CubeIDE.app/Contents/Eclipse/plugins/com.st.stm32cube.ide.mcu.externaltools.gnu-tools-for-stm32.7-2018-q2-update.macos64_1.4.0.202007081208/tools/bin/../lib/gcc/arm-none-eabi/7.3.1/thumb/v7-m/crtbegin.o
                0x0000000020000180                . = ALIGN (0x4)

.bss            0x0000000020000180     0x3568 load address 0x00000000080060f0
                0x0000000020000180                _sbss = .
                0x0000000020000180                __bss_start__ = _sbss
 *(.bss)
 .bss           0x0000000020000180       0x1c /Applications/STM32CubeIDE.app/Contents/Eclipse/plugins/com.st.stm32cube.ide.mcu.externaltools.gnu-tools-for-stm32.7-2018-q2-update.macos64_1.4.0.202007081208/tools/bin/../lib/gcc/arm-none-eabi/7.3.1/thumb/v7-m/crtbegin.o
 *(.bss*)
 .bss.n.9784    0x000000002000019c        0x4 Core/Src/main.o
 .bss.nfull     0x00000000200001a0        0x4 Core/Src/main.o
 .bss.nhalf     0x00000000200001a4        0x4 Core/Src/main.o
 .bss.nt3       0x00000000200001a8        0x4 Core/Src/main.o
 .bss.num_pwm_finished11
                0x00000000200001ac        0x4 Core/Src/main.o
 .bss.num_pwm_finished12
                0x00000000200001b0        0x4 Core/Src/main.o
 .bss.num_pwm_finished3
                0x00000000200001b4        0x4 Core/Src/main.o
 .bss.cfgidx.8506
                0x00000000200001b8        0x1 Middlewares/ST/STM32_USB_Device_Library/Core/Src/usbd_ctlreq.o
 *fill*         0x00000000200001b9        0x3 
 .bss.Idle_Stack
                0x00000000200001bc      0x200 Middlewares/Third_Party/FreeRTOS/Source/CMSIS_RTOS_V2/cmsis_os2.o
 .bss.Idle_TCB  0x00000000200003bc       0x54 Middlewares/Third_Party/FreeRTOS/Source/CMSIS_RTOS_V2/cmsis_os2.o
 .bss.KernelState
                0x0000000020000410        0x4 Middlewares/Third_Party/FreeRTOS/Source/CMSIS_RTOS_V2/cmsis_os2.o
 .bss.Timer_Stack
                0x0000000020000414      0x200 Middlewares/Third_Party/FreeRTOS/Source/CMSIS_RTOS_V2/cmsis_os2.o
 .bss.Timer_TCB
                0x0000000020000614       0x54 Middlewares/Third_Party/FreeRTOS/Source/CMSIS_RTOS_V2/cmsis_os2.o
 .bss.pxCurrentTCB
                0x0000000020000668        0x4 Middlewares/Third_Party/FreeRTOS/Source/tasks.o
                0x0000000020000668                pxCurrentTCB
 .bss.pxDelayedTaskList
                0x000000002000066c        0x4 Middlewares/Third_Party/FreeRTOS/Source/tasks.o
 .bss.pxOverflowDelayedTaskList
                0x0000000020000670        0x4 Middlewares/Third_Party/FreeRTOS/Source/tasks.o
 .bss.pxReadyTasksLists
                0x0000000020000674      0x460 Middlewares/Third_Party/FreeRTOS/Source/tasks.o
 .bss.uxCurrentNumberOfTasks
                0x0000000020000ad4        0x4 Middlewares/Third_Party/FreeRTOS/Source/tasks.o
 .bss.uxDeletedTasksWaitingCleanUp
                0x0000000020000ad8        0x4 Middlewares/Third_Party/FreeRTOS/Source/tasks.o
 .bss.uxPendedTicks
                0x0000000020000adc        0x4 Middlewares/Third_Party/FreeRTOS/Source/tasks.o
 .bss.uxSchedulerSuspended
                0x0000000020000ae0        0x4 Middlewares/Third_Party/FreeRTOS/Source/tasks.o
 .bss.uxTaskNumber
                0x0000000020000ae4        0x4 Middlewares/Third_Party/FreeRTOS/Source/tasks.o
 .bss.uxTopReadyPriority
                0x0000000020000ae8        0x4 Middlewares/Third_Party/FreeRTOS/Source/tasks.o
 .bss.xDelayedTaskList1
                0x0000000020000aec       0x14 Middlewares/Third_Party/FreeRTOS/Source/tasks.o
 .bss.xDelayedTaskList2
                0x0000000020000b00       0x14 Middlewares/Third_Party/FreeRTOS/Source/tasks.o
 .bss.xNextTaskUnblockTime
                0x0000000020000b14        0x4 Middlewares/Third_Party/FreeRTOS/Source/tasks.o
 .bss.xNumOfOverflows
                0x0000000020000b18        0x4 Middlewares/Third_Party/FreeRTOS/Source/tasks.o
 .bss.xPendingReadyList
                0x0000000020000b1c       0x14 Middlewares/Third_Party/FreeRTOS/Source/tasks.o
 .bss.xSchedulerRunning
                0x0000000020000b30        0x4 Middlewares/Third_Party/FreeRTOS/Source/tasks.o
 .bss.xSuspendedTaskList
                0x0000000020000b34       0x14 Middlewares/Third_Party/FreeRTOS/Source/tasks.o
 .bss.xTasksWaitingTermination
                0x0000000020000b48       0x14 Middlewares/Third_Party/FreeRTOS/Source/tasks.o
 .bss.xTickCount
                0x0000000020000b5c        0x4 Middlewares/Third_Party/FreeRTOS/Source/tasks.o
 .bss.xYieldPending
                0x0000000020000b60        0x4 Middlewares/Third_Party/FreeRTOS/Source/tasks.o
 .bss.pxCurrentTimerList
                0x0000000020000b64        0x4 Middlewares/Third_Party/FreeRTOS/Source/timers.o
 .bss.pxOverflowTimerList
                0x0000000020000b68        0x4 Middlewares/Third_Party/FreeRTOS/Source/timers.o
 .bss.ucStaticTimerQueueStorage.5494
                0x0000000020000b6c       0xa0 Middlewares/Third_Party/FreeRTOS/Source/timers.o
 .bss.xActiveTimerList1
                0x0000000020000c0c       0x14 Middlewares/Third_Party/FreeRTOS/Source/timers.o
 .bss.xActiveTimerList2
                0x0000000020000c20       0x14 Middlewares/Third_Party/FreeRTOS/Source/timers.o
 .bss.xLastTime.5443
                0x0000000020000c34        0x4 Middlewares/Third_Party/FreeRTOS/Source/timers.o
 .bss.xStaticTimerQueue.5493
                0x0000000020000c38       0x48 Middlewares/Third_Party/FreeRTOS/Source/timers.o
 .bss.xTimerQueue
                0x0000000020000c80        0x4 Middlewares/Third_Party/FreeRTOS/Source/timers.o
 .bss.xTimerTaskHandle
                0x0000000020000c84        0x4 Middlewares/Third_Party/FreeRTOS/Source/timers.o
 .bss.ucMaxSysCallPriority
                0x0000000020000c88        0x1 Middlewares/Third_Party/FreeRTOS/Source/portable/GCC/ARM_CM3/port.o
 *fill*         0x0000000020000c89        0x3 
 .bss.ulMaxPRIGROUPValue
                0x0000000020000c8c        0x4 Middlewares/Third_Party/FreeRTOS/Source/portable/GCC/ARM_CM3/port.o
 .bss.pucAlignedHeap.5110
                0x0000000020000c90        0x4 Middlewares/Third_Party/FreeRTOS/Source/portable/MemMang/heap_1.o
 .bss.ucHeap    0x0000000020000c94      0x800 Middlewares/Third_Party/FreeRTOS/Source/portable/MemMang/heap_1.o
 .bss.xNextFreeByte
                0x0000000020001494        0x4 Middlewares/Third_Party/FreeRTOS/Source/portable/MemMang/heap_1.o
 .bss.mem.8574  0x0000000020001498      0x220 USB_DEVICE/Target/usbd_conf.o
 *(COMMON)
 COMMON         0x00000000200016b8     0x10ac Core/Src/main.o
                0x00000000200016b8                defaultTaskHandle
                0x00000000200016bc                frameQueueBuffer
                0x00000000200018cc                txrxFrameTaskControlBlock
                0x0000000020001920                frameQueueHandle
                0x0000000020001924                hi2c1
                0x0000000020001978                txrxFrameTaskBuffer
                0x0000000020001d78                frameQueueControlBlock
                0x0000000020001dc0                htim3
                0x0000000020001e00                hadc1
                0x0000000020001e30                taskAutoBuffer
                0x0000000020002230                taskAutoControlBlock
                0x0000000020002284                hdma_adc1
                0x00000000200022c8                taskAutoHandle
                0x00000000200022cc                htim1
                0x000000002000230c                defaultTaskBuffer
                0x000000002000270c                txrxFrameTaskHandle
                0x0000000020002710                defaultTaskControlBlock
 COMMON         0x0000000020002764       0x40 Core/Src/stm32f1xx_hal_timebase_tim.o
                0x0000000020002764                htim4
 COMMON         0x00000000200027a4        0x4 Drivers/STM32F1xx_HAL_Driver/Src/stm32f1xx_hal.o
                0x00000000200027a4                uwTick
 COMMON         0x00000000200027a8       0x40 Middlewares/Third_Party/FreeRTOS/Source/queue.o
                0x00000000200027a8                xQueueRegistry
 COMMON         0x00000000200027e8      0x2c4 USB_DEVICE/App/usb_device.o
                0x00000000200027e8                hUsbDeviceFS
 COMMON         0x0000000020002aac      0x7d0 USB_DEVICE/App/usbd_cdc_if.o
                0x0000000020002aac                UserRxBufferFS
                0x0000000020002e94                UserTxBufferFS
 COMMON         0x000000002000327c      0x200 USB_DEVICE/App/usbd_desc.o
                0x000000002000327c                USBD_StrDesc
 COMMON         0x000000002000347c      0x26c USB_DEVICE/Target/usbd_conf.o
                0x000000002000347c                hpcd_USB_FS
                0x00000000200036e8                . = ALIGN (0x4)
                0x00000000200036e8                _ebss = .
                0x00000000200036e8                __bss_end__ = _ebss

._user_heap_stack
                0x00000000200036e8      0x600 load address 0x00000000080060f0
                0x00000000200036e8                . = ALIGN (0x8)
                [!provide]                        PROVIDE (end = .)
                0x00000000200036e8                PROVIDE (_end = .)
                0x00000000200038e8                . = (. + _Min_Heap_Size)
 *fill*         0x00000000200036e8      0x200 
                0x0000000020003ce8                . = (. + _Min_Stack_Size)
 *fill*         0x00000000200038e8      0x400 
                0x0000000020003ce8                . = ALIGN (0x8)

/DISCARD/
 libc.a(*)
 libm.a(*)
 libgcc.a(*)

.ARM.attributes
                0x0000000000000000       0x29
 *(.ARM.attributes)
 .ARM.attributes
                0x0000000000000000       0x1d /Applications/STM32CubeIDE.app/Contents/Eclipse/plugins/com.st.stm32cube.ide.mcu.externaltools.gnu-tools-for-stm32.7-2018-q2-update.macos64_1.4.0.202007081208/tools/bin/../lib/gcc/arm-none-eabi/7.3.1/thumb/v7-m/crti.o
 .ARM.attributes
                0x000000000000001d       0x2d /Applications/STM32CubeIDE.app/Contents/Eclipse/plugins/com.st.stm32cube.ide.mcu.externaltools.gnu-tools-for-stm32.7-2018-q2-update.macos64_1.4.0.202007081208/tools/bin/../lib/gcc/arm-none-eabi/7.3.1/thumb/v7-m/crtbegin.o
 .ARM.attributes
                0x000000000000004a       0x33 Core/Src/freertos.o
 .ARM.attributes
                0x000000000000007d       0x33 Core/Src/main.o
 .ARM.attributes
                0x00000000000000b0       0x33 Core/Src/stm32f1xx_hal_msp.o
 .ARM.attributes
                0x00000000000000e3       0x33 Core/Src/stm32f1xx_hal_timebase_tim.o
 .ARM.attributes
                0x0000000000000116       0x33 Core/Src/stm32f1xx_it.o
 .ARM.attributes
                0x0000000000000149       0x33 Core/Src/system_stm32f1xx.o
 .ARM.attributes
                0x000000000000017c       0x21 Core/Startup/startup_stm32f103c8tx.o
 .ARM.attributes
                0x000000000000019d       0x33 Drivers/STM32F1xx_HAL_Driver/Src/stm32f1xx_hal.o
 .ARM.attributes
                0x00000000000001d0       0x33 Drivers/STM32F1xx_HAL_Driver/Src/stm32f1xx_hal_adc.o
 .ARM.attributes
                0x0000000000000203       0x33 Drivers/STM32F1xx_HAL_Driver/Src/stm32f1xx_hal_adc_ex.o
 .ARM.attributes
                0x0000000000000236       0x33 Drivers/STM32F1xx_HAL_Driver/Src/stm32f1xx_hal_cortex.o
 .ARM.attributes
                0x0000000000000269       0x33 Drivers/STM32F1xx_HAL_Driver/Src/stm32f1xx_hal_dma.o
 .ARM.attributes
                0x000000000000029c       0x33 Drivers/STM32F1xx_HAL_Driver/Src/stm32f1xx_hal_gpio.o
 .ARM.attributes
                0x00000000000002cf       0x33 Drivers/STM32F1xx_HAL_Driver/Src/stm32f1xx_hal_i2c.o
 .ARM.attributes
                0x0000000000000302       0x33 Drivers/STM32F1xx_HAL_Driver/Src/stm32f1xx_hal_pcd.o
 .ARM.attributes
                0x0000000000000335       0x33 Drivers/STM32F1xx_HAL_Driver/Src/stm32f1xx_hal_pcd_ex.o
 .ARM.attributes
                0x0000000000000368       0x33 Drivers/STM32F1xx_HAL_Driver/Src/stm32f1xx_hal_rcc.o
 .ARM.attributes
                0x000000000000039b       0x33 Drivers/STM32F1xx_HAL_Driver/Src/stm32f1xx_hal_rcc_ex.o
 .ARM.attributes
                0x00000000000003ce       0x33 Drivers/STM32F1xx_HAL_Driver/Src/stm32f1xx_hal_tim.o
 .ARM.attributes
                0x0000000000000401       0x33 Drivers/STM32F1xx_HAL_Driver/Src/stm32f1xx_hal_tim_ex.o
 .ARM.attributes
                0x0000000000000434       0x33 Drivers/STM32F1xx_HAL_Driver/Src/stm32f1xx_ll_usb.o
 .ARM.attributes
                0x0000000000000467       0x33 Middlewares/ST/STM32_USB_Device_Library/Class/CDC/Src/usbd_cdc.o
 .ARM.attributes
                0x000000000000049a       0x33 Middlewares/ST/STM32_USB_Device_Library/Core/Src/usbd_core.o
 .ARM.attributes
                0x00000000000004cd       0x33 Middlewares/ST/STM32_USB_Device_Library/Core/Src/usbd_ctlreq.o
 .ARM.attributes
                0x0000000000000500       0x33 Middlewares/ST/STM32_USB_Device_Library/Core/Src/usbd_ioreq.o
 .ARM.attributes
                0x0000000000000533       0x33 Middlewares/Third_Party/FreeRTOS/Source/CMSIS_RTOS_V2/cmsis_os2.o
 .ARM.attributes
                0x0000000000000566       0x33 Middlewares/Third_Party/FreeRTOS/Source/list.o
 .ARM.attributes
                0x0000000000000599       0x33 Middlewares/Third_Party/FreeRTOS/Source/queue.o
 .ARM.attributes
                0x00000000000005cc       0x33 Middlewares/Third_Party/FreeRTOS/Source/tasks.o
 .ARM.attributes
                0x00000000000005ff       0x33 Middlewares/Third_Party/FreeRTOS/Source/timers.o
 .ARM.attributes
                0x0000000000000632       0x33 Middlewares/Third_Party/FreeRTOS/Source/portable/GCC/ARM_CM3/port.o
 .ARM.attributes
                0x0000000000000665       0x33 Middlewares/Third_Party/FreeRTOS/Source/portable/MemMang/heap_1.o
 .ARM.attributes
                0x0000000000000698       0x33 USB_DEVICE/App/usb_device.o
 .ARM.attributes
                0x00000000000006cb       0x33 USB_DEVICE/App/usbd_cdc_if.o
 .ARM.attributes
                0x00000000000006fe       0x33 USB_DEVICE/App/usbd_desc.o
 .ARM.attributes
                0x0000000000000731       0x33 USB_DEVICE/Target/usbd_conf.o
 .ARM.attributes
                0x0000000000000764       0x2d /Applications/STM32CubeIDE.app/Contents/Eclipse/plugins/com.st.stm32cube.ide.mcu.externaltools.gnu-tools-for-stm32.7-2018-q2-update.macos64_1.4.0.202007081208/tools/bin/../lib/gcc/arm-none-eabi/7.3.1/../../../../arm-none-eabi/lib/thumb/v7-m/libc_nano.a(lib_a-init.o)
 .ARM.attributes
                0x0000000000000791       0x2d /Applications/STM32CubeIDE.app/Contents/Eclipse/plugins/com.st.stm32cube.ide.mcu.externaltools.gnu-tools-for-stm32.7-2018-q2-update.macos64_1.4.0.202007081208/tools/bin/../lib/gcc/arm-none-eabi/7.3.1/../../../../arm-none-eabi/lib/thumb/v7-m/libc_nano.a(lib_a-memcpy-stub.o)
 .ARM.attributes
                0x00000000000007be       0x2d /Applications/STM32CubeIDE.app/Contents/Eclipse/plugins/com.st.stm32cube.ide.mcu.externaltools.gnu-tools-for-stm32.7-2018-q2-update.macos64_1.4.0.202007081208/tools/bin/../lib/gcc/arm-none-eabi/7.3.1/../../../../arm-none-eabi/lib/thumb/v7-m/libc_nano.a(lib_a-memset.o)
 .ARM.attributes
                0x00000000000007eb       0x17 /Applications/STM32CubeIDE.app/Contents/Eclipse/plugins/com.st.stm32cube.ide.mcu.externaltools.gnu-tools-for-stm32.7-2018-q2-update.macos64_1.4.0.202007081208/tools/bin/../lib/gcc/arm-none-eabi/7.3.1/../../../../arm-none-eabi/lib/thumb/v7-m/libc_nano.a(lib_a-strlen.o)
 .ARM.attributes
                0x0000000000000802       0x1d /Applications/STM32CubeIDE.app/Contents/Eclipse/plugins/com.st.stm32cube.ide.mcu.externaltools.gnu-tools-for-stm32.7-2018-q2-update.macos64_1.4.0.202007081208/tools/bin/../lib/gcc/arm-none-eabi/7.3.1/thumb/v7-m/crtn.o
OUTPUT(stm32_f103.elf elf32-littlearm)

.comment        0x0000000000000000       0x7b
 .comment       0x0000000000000000       0x7b Core/Src/freertos.o
                                         0x7c (size before relaxing)
 .comment       0x000000000000007b       0x7c Core/Src/main.o
 .comment       0x000000000000007b       0x7c Core/Src/stm32f1xx_hal_msp.o
 .comment       0x000000000000007b       0x7c Core/Src/stm32f1xx_hal_timebase_tim.o
 .comment       0x000000000000007b       0x7c Core/Src/stm32f1xx_it.o
 .comment       0x000000000000007b       0x7c Core/Src/system_stm32f1xx.o
 .comment       0x000000000000007b       0x7c Drivers/STM32F1xx_HAL_Driver/Src/stm32f1xx_hal.o
 .comment       0x000000000000007b       0x7c Drivers/STM32F1xx_HAL_Driver/Src/stm32f1xx_hal_adc.o
 .comment       0x000000000000007b       0x7c Drivers/STM32F1xx_HAL_Driver/Src/stm32f1xx_hal_adc_ex.o
 .comment       0x000000000000007b       0x7c Drivers/STM32F1xx_HAL_Driver/Src/stm32f1xx_hal_cortex.o
 .comment       0x000000000000007b       0x7c Drivers/STM32F1xx_HAL_Driver/Src/stm32f1xx_hal_dma.o
 .comment       0x000000000000007b       0x7c Drivers/STM32F1xx_HAL_Driver/Src/stm32f1xx_hal_gpio.o
 .comment       0x000000000000007b       0x7c Drivers/STM32F1xx_HAL_Driver/Src/stm32f1xx_hal_i2c.o
 .comment       0x000000000000007b       0x7c Drivers/STM32F1xx_HAL_Driver/Src/stm32f1xx_hal_pcd.o
 .comment       0x000000000000007b       0x7c Drivers/STM32F1xx_HAL_Driver/Src/stm32f1xx_hal_pcd_ex.o
 .comment       0x000000000000007b       0x7c Drivers/STM32F1xx_HAL_Driver/Src/stm32f1xx_hal_rcc.o
 .comment       0x000000000000007b       0x7c Drivers/STM32F1xx_HAL_Driver/Src/stm32f1xx_hal_rcc_ex.o
 .comment       0x000000000000007b       0x7c Drivers/STM32F1xx_HAL_Driver/Src/stm32f1xx_hal_tim.o
 .comment       0x000000000000007b       0x7c Drivers/STM32F1xx_HAL_Driver/Src/stm32f1xx_hal_tim_ex.o
 .comment       0x000000000000007b       0x7c Drivers/STM32F1xx_HAL_Driver/Src/stm32f1xx_ll_usb.o
 .comment       0x000000000000007b       0x7c Middlewares/ST/STM32_USB_Device_Library/Class/CDC/Src/usbd_cdc.o
 .comment       0x000000000000007b       0x7c Middlewares/ST/STM32_USB_Device_Library/Core/Src/usbd_core.o
 .comment       0x000000000000007b       0x7c Middlewares/ST/STM32_USB_Device_Library/Core/Src/usbd_ctlreq.o
 .comment       0x000000000000007b       0x7c Middlewares/ST/STM32_USB_Device_Library/Core/Src/usbd_ioreq.o
 .comment       0x000000000000007b       0x7c Middlewares/Third_Party/FreeRTOS/Source/CMSIS_RTOS_V2/cmsis_os2.o
 .comment       0x000000000000007b       0x7c Middlewares/Third_Party/FreeRTOS/Source/list.o
 .comment       0x000000000000007b       0x7c Middlewares/Third_Party/FreeRTOS/Source/queue.o
 .comment       0x000000000000007b       0x7c Middlewares/Third_Party/FreeRTOS/Source/tasks.o
 .comment       0x000000000000007b       0x7c Middlewares/Third_Party/FreeRTOS/Source/timers.o
 .comment       0x000000000000007b       0x7c Middlewares/Third_Party/FreeRTOS/Source/portable/GCC/ARM_CM3/port.o
 .comment       0x000000000000007b       0x7c Middlewares/Third_Party/FreeRTOS/Source/portable/MemMang/heap_1.o
 .comment       0x000000000000007b       0x7c USB_DEVICE/App/usb_device.o
 .comment       0x000000000000007b       0x7c USB_DEVICE/App/usbd_cdc_if.o
 .comment       0x000000000000007b       0x7c USB_DEVICE/App/usbd_desc.o
 .comment       0x000000000000007b       0x7c USB_DEVICE/Target/usbd_conf.o

.debug_frame    0x0000000000000000       0x74
 .debug_frame   0x0000000000000000       0x2c /Applications/STM32CubeIDE.app/Contents/Eclipse/plugins/com.st.stm32cube.ide.mcu.externaltools.gnu-tools-for-stm32.7-2018-q2-update.macos64_1.4.0.202007081208/tools/bin/../lib/gcc/arm-none-eabi/7.3.1/../../../../arm-none-eabi/lib/thumb/v7-m/libc_nano.a(lib_a-init.o)
 .debug_frame   0x000000000000002c       0x28 /Applications/STM32CubeIDE.app/Contents/Eclipse/plugins/com.st.stm32cube.ide.mcu.externaltools.gnu-tools-for-stm32.7-2018-q2-update.macos64_1.4.0.202007081208/tools/bin/../lib/gcc/arm-none-eabi/7.3.1/../../../../arm-none-eabi/lib/thumb/v7-m/libc_nano.a(lib_a-memcpy-stub.o)
 .debug_frame   0x0000000000000054       0x20 /Applications/STM32CubeIDE.app/Contents/Eclipse/plugins/com.st.stm32cube.ide.mcu.externaltools.gnu-tools-for-stm32.7-2018-q2-update.macos64_1.4.0.202007081208/tools/bin/../lib/gcc/arm-none-eabi/7.3.1/../../../../arm-none-eabi/lib/thumb/v7-m/libc_nano.a(lib_a-memset.o)
