timers.c:894:13:prvCheckForValidListAndQueue	32	static
timers.c:647:19:prvInsertTimerInActiveList	8	static
timers.c:352:13:prvInitialiseNewTimer.part.1	8	static,ignoring_inline_asm
timers.c:223:12:xTimerCreateTimerTask	40	static,ignoring_inline_asm
timers.c:278:16:xTimerCreate	24	static
timers.c:310:16:xTimerCreateStatic	32	static,ignoring_inline_asm
timers.c:381:12:xTimerGenericCommand	32	static,ignoring_inline_asm
timers.c:835:13:prvSwitchTimerLists	32	static,ignoring_inline_asm
timers.c:502:13:prvTimerTask	64	static,ignoring_inline_asm
timers.c:424:14:xTimerGetTimerDaemonTaskHandle	8	static,ignoring_inline_asm
timers.c:433:12:xTimerGetPeriod	8	static,ignoring_inline_asm
timers.c:442:12:xTimerGetExpiryTime	8	static,ignoring_inline_asm
timers.c:453:14:pcTimerGetName	8	static,ignoring_inline_asm
timers.c:945:12:xTimerIsTimerActive	8	static,ignoring_inline_asm
timers.c:966:7:pvTimerGetTimerID	8	static,ignoring_inline_asm
timers.c:983:6:vTimerSetTimerID	16	static,ignoring_inline_asm
timers.c:999:13:xTimerPendFunctionCallFromISR	24	static
timers.c:1023:13:xTimerPendFunctionCall	32	static,ignoring_inline_asm
