itm_debug.h:37:20:itm_debug1	32	static
itm_debug.h:41:20:itm_debug2	32	static
trainmsg.h:175:1:mqf_read_to_ui	16	static
trainmsg.h:176:1:mqf_write_from_ui	16	static
ihm.c:62:26:get_rotary	24	static
ihm.c:76:16:get_srotary	24	static
ihm.c:109:6:ihm_runtick	16	static
ihm.c:139:13:set_displayout	8	static
ihm.c:153:12:is_special_dispmode	4	static
ihm.c:166:13:set_dispmode	16	static
ihm.c:173:6:ihm_runtick_normal	48	static
ihm.c:255:13:ui_process_msg	40	static
ihm.c:389:13:ui_process_msg_off	24	static
ihm.c:407:6:ihm_runtick_off	24	static
ihm.c:435:13:ihm_runtick_testcanton	16	static
ihm.c:446:13:ihm_runtick_detect1	48	static
ihm.c:505:13:ui_process_msg_d1	24	static
ihm.c:540:13:ihm_runtick_detect	16	static
