main.c:687:6:StartDefaultTask	16	static
main.c:149:6:set_pwm_freq	0	static
main.c:603:6:HAL_TIM_PWM_PulseFinishedCallback	0	static
main.c:623:6:HAL_TIM_OC_DelayElapsedCallback	0	static
main.c:651:6:HAL_ADC_ConvCpltCallback	24	static,ignoring_inline_asm
main.c:659:6:HAL_ADC_ConvHalfCpltCallback	24	static,ignoring_inline_asm
main.c:667:6:HAL_ADC_LevelOutOfWindowCallback	0	static
main.c:671:7:HAL_ADC_ErrorCallback	0	static
main.c:728:6:HAL_TIM_PeriodElapsedCallback	0	static
main.c:744:6:Error_Handler	0	static
main.c:263:6:SystemClock_Config	88	static
main.c:167:5:main	112	static
main.c:762:6:assert_failed	56	static
main.c:142:6:vApplicationStackOverflowHook	8	static,ignoring_inline_asm
