ssd1306.c:8:6:ssd1306_Reset	4	static
ssd1306.c:13:6:ssd1306_WriteCommand	32	static
ssd1306.c:18:6:ssd1306_WriteData	32	static
ssd1306.c:63:17:ssd1306_FillBuffer	24	static
ssd1306.c:73:6:ssd1306_Init	8	static
ssd1306.c:175:6:ssd1306_Fill	24	static
ssd1306.c:185:6:ssd1306_FillZone	48	static
ssd1306.c:216:6:ssd1306_UpdateScreen	16	static
ssd1306.c:235:6:ssd1306_DrawPixel	16	static
ssd1306.c:258:6:ssd1306_WriteChar	48	static
ssd1306.c:293:6:ssd1306_WriteNString	24	static
ssd1306.c:310:6:ssd1306_WriteString	24	static
ssd1306.c:327:6:ssd1306_SetCursor	16	static
ssd1306.c:332:9:ssd1306_GetCursorX	4	static
ssd1306.c:336:9:ssd1306_GetCursorY	4	static
ssd1306.c:342:6:ssd1306_Line	48	static
ssd1306.c:378:6:ssd1306_Polyline	40	static
ssd1306.c:392:14:ssd1306_DegToRad	24	static
ssd1306.c:396:17:ssd1306_NormalizeTo0_360	24	static
ssd1306.c:413:6:ssd1306_DrawArc	64	static
ssd1306.c:450:6:ssd1306_DrawCircle	40	static
ssd1306.c:495:6:ssd1306_DrawRectangle	32	static
ssd1306.c:504:6:ssd1306_SetContrast	24	static
ssd1306.c:510:6:ssd1306_SetDisplayOn	24	static
ssd1306.c:522:9:ssd1306_GetDisplayOn	4	static
