itm_debug.h:36:20:itm_debug1	32	static
itm_debug.h:40:20:itm_debug2	32	static
itm_debug.h:44:20:itm_debug3	32	static
trainmsg.h:132:1:mqf_read_to_ctrl	16	static
trainmsg.h:133:1:mqf_write_from_ctrl	16	static
trainmsg.h:171:20:ui_msg	24	static
topology.h:26:19:_sub_addr_to_sub_num	24	static
topology.h:33:19:_blk_addr_to_blk_num	24	static
topology.h:51:16:_blk_num_to_blk_addr	24	static
topology.h:67:23:blk_addr_for_sub_addr	24	static
topology.h:74:23:next_block_addr	24	static
ctrl.c:65:13:ctrl_set_mode	24	static
ctrl.c:78:13:ctrl_set_status	24	static
ctrl.c:91:13:update_c2	48	static
ctrl.c:119:15:ctrl_set_dir	24	static
ctrl.c:144:15:ctrl_set_tspeed	24	static
ctrl.c:169:17:check_speed_limit	32	static
ctrl.c:177:13:set_speed_limit	24	static
ctrl.c:192:13:ctrl_init	8	static
ctrl.c:202:6:ctrl_run_tick	88	static
ctrl.c:330:13:ctrl_reset	4	static
ctrl.c:335:13:presence_changed	48	static
ctrl.c:397:13:train_switched_to_c2	56	static
ctrl.c:432:13:set_pose_trig	32	static
ctrl.c:445:13:pose_triggered	24	static
ctrl.c:457:16:pose_middle	40	static
ctrl.c:478:13:hi_entered_block_num	48	static
ctrl.c:513:13:hi_pose_triggered	32	static
ctrl.c:522:12:hi_update_speed_limit	32	static
