itm_debug.h:37:20:itm_debug1	32	static
itm_debug.h:41:20:itm_debug2	32	static
itm_debug.h:45:20:itm_debug3	32	static
trainmsg.h:132:1:mqf_read_to_ctrl	16	static
trainmsg.h:133:1:mqf_write_from_ctrl	16	static
topology.h:26:19:_sub_addr_to_sub_num	24	static
topology.h:33:19:_blk_addr_to_blk_num	24	static
topology.h:51:16:_blk_num_to_blk_addr	24	static
topology.h:67:23:blk_addr_for_sub_addr	24	static
ctrl.c:70:13:fatal	8	static
ctrl.c:161:13:ctrl_reset	4	static
ctrl.c:168:20:set_state	32	static
ctrl.c:188:13:ctrl_set_mode	24	static
ctrl.c:218:13:ctrl_init	16	static
ctrl.c:263:13:reset_timer	24	static
ctrl.c:269:13:set_timer	32	static
ctrl.c:276:13:check_timers	40	static
ctrl.c:298:13:sub_presence_changed	48	static
ctrl.c:345:6:ctrl_run_tick	56	static
ctrl.c:436:13:set_block_num_occupency	24	static
ctrl.c:453:13:set_block_addr_occupency	16	static
ctrl.c:458:16:get_block_num_occupency	16	static
ctrl.c:464:25:get_block_addr_occupency	16	static
ctrl.c:469:16:occupied	16	static
ctrl.c:476:13:check_block_delayed	24	static
ctrl.c:504:13:evt_entered_c2	32	static
ctrl.c:525:13:evt_leaved_c1	16	static
ctrl.c:544:13:evt_entered_c1	24	static
ctrl.c:548:13:evt_leaved_c2	16	static
ctrl.c:553:13:evt_tleave	16	static
ctrl.c:568:13:evt_cmd_set_setdirspeed	40	static
ctrl.c:632:13:evt_pose_triggered	32	static
ctrl.c:656:13:evt_timer	24	static
ctrl.c:679:13:update_c2_state_limits	80	static
ctrl.c:834:13:ctrl_set_tspeed	32	static
ctrl.c:859:13:ctrl_set_dir	32	static
ctrl.c:880:13:set_pose_trig	32	static
ctrl.c:895:16:pose_middle	40	static
ctrl.c:907:13:check_blk_tick	32	static
ctrl.c:928:13:set_turnout	24	static
ctrl.c:947:13:check_behaviour	40	static
