itm_debug.h:37:20:itm_debug1	32	static
itm_debug.h:41:20:itm_debug2	32	static
itm_debug.h:45:20:itm_debug3	32	static
trainmsg.h:132:1:mqf_read_to_ctrl	16	static
trainmsg.h:133:1:mqf_write_from_ctrl	16	static
topology.h:26:19:_sub_addr_to_sub_num	24	static
topology.h:33:19:_blk_addr_to_blk_num	24	static
topology.h:51:16:_blk_num_to_blk_addr	24	static
topology.h:67:23:blk_addr_for_sub_addr	24	static
ctrl.c:76:13:fatal	8	static
ctrl.c:154:13:ctrl_reset	4	static
ctrl.c:161:20:set_state	24	static
ctrl.c:174:13:ctrl_set_mode	24	static
ctrl.c:203:13:ctrl_init	16	static
ctrl.c:248:13:reset_timer	24	static
ctrl.c:254:13:set_timer	32	static
ctrl.c:261:13:check_timers	40	static
ctrl.c:283:13:sub_presence_changed	48	static
ctrl.c:330:6:ctrl_run_tick	56	static
ctrl.c:421:13:set_block_num_occupency	24	static
ctrl.c:437:13:set_block_addr_occupency	16	static
ctrl.c:442:16:get_block_num_occupency	16	static
ctrl.c:448:25:get_block_addr_occupency	16	static
ctrl.c:453:16:occupied	16	static
ctrl.c:460:13:check_block_delayed	24	static
ctrl.c:487:13:evt_entered_c2	32	static
ctrl.c:508:13:evt_leaved_c1	16	static
ctrl.c:526:13:evt_entered_c1	24	static
ctrl.c:530:13:evt_leaved_c2	16	static
ctrl.c:535:13:evt_tleave	16	static
ctrl.c:550:13:evt_cmd_set_setdirspeed	40	static
ctrl.c:611:13:evt_pose_triggered	32	static
ctrl.c:632:13:evt_timer	24	static
ctrl.c:652:13:update_c2_state_limits	80	static
ctrl.c:800:13:ctrl_set_tspeed	32	static
ctrl.c:825:13:ctrl_set_dir	32	static
ctrl.c:846:13:set_pose_trig	32	static
ctrl.c:861:16:pose_middle	40	static
ctrl.c:873:13:check_blk_tick	32	static
ctrl.c:894:13:set_turnout	24	static
