itm_debug.h:37:20:itm_debug1	32	static
itm_debug.h:41:20:itm_debug2	32	static
itm_debug.h:45:20:itm_debug3	32	static
trainmsg.h:143:1:mqf_read_to_ctrl	16	static
trainmsg.h:144:1:mqf_write_from_ctrl	16	static
topology.h:26:19:_sub_addr_to_sub_num	24	static
topology.h:33:19:_blk_addr_to_blk_num	24	static
topology.h:51:16:_blk_num_to_blk_addr	24	static
topology.h:67:23:blk_addr_for_sub_addr	24	static
ctrl.c:69:13:fatal	8	static
ctrl.c:160:13:ctrl_reset	4	static
ctrl.c:167:20:set_state	32	static
ctrl.c:189:13:ctrl_set_mode	24	static
ctrl.c:219:13:ctrl_init	16	static
ctrl.c:265:13:reset_timer	24	static
ctrl.c:271:13:set_timer	32	static
ctrl.c:278:13:check_timers	40	static
ctrl.c:300:13:sub_presence_changed	48	static
ctrl.c:347:6:ctrl_run_tick	56	static
ctrl.c:452:13:set_block_num_occupency	24	static
ctrl.c:469:13:set_block_addr_occupency	16	static
ctrl.c:474:16:get_block_num_occupency	16	static
ctrl.c:480:25:get_block_addr_occupency	16	static
ctrl.c:485:16:occupied	16	static
ctrl.c:492:13:check_block_delayed	24	static
ctrl.c:520:13:evt_entered_c2	32	static
ctrl.c:541:13:evt_leaved_c1	16	static
ctrl.c:560:13:evt_entered_c1	24	static
ctrl.c:564:13:evt_leaved_c2	16	static
ctrl.c:569:13:evt_tleave	16	static
ctrl.c:584:13:evt_cmd_set_setdirspeed	40	static
ctrl.c:648:13:evt_pose_triggered	32	static
ctrl.c:672:13:evt_timer	24	static
ctrl.c:695:13:update_c2_state_limits	80	static
ctrl.c:850:13:ctrl_set_tspeed	32	static
ctrl.c:875:13:ctrl_set_dir	32	static
ctrl.c:896:13:set_pose_trig	32	static
ctrl.c:911:16:pose_middle	40	static
ctrl.c:923:13:check_blk_tick	32	static
ctrl.c:944:13:set_turnout	24	static
ctrl.c:963:13:check_behaviour	40	static
