itm_debug.h:37:20:itm_debug1	32	static
itm_debug.h:41:20:itm_debug2	32	static
itm_debug.h:45:20:itm_debug3	32	static
trainmsg.h:132:1:mqf_read_to_ctrl	16	static
trainmsg.h:133:1:mqf_write_from_ctrl	16	static
topology.h:26:19:_sub_addr_to_sub_num	24	static
topology.h:33:19:_blk_addr_to_blk_num	24	static
topology.h:51:16:_blk_num_to_blk_addr	24	static
topology.h:67:23:blk_addr_for_sub_addr	24	static
ctrl.c:76:13:fatal	8	static
ctrl.c:152:13:ctrl_reset	4	static
ctrl.c:159:20:set_state	24	static
ctrl.c:172:13:ctrl_set_mode	24	static
ctrl.c:201:13:ctrl_init	16	static
ctrl.c:245:13:reset_timer	24	static
ctrl.c:251:13:set_timer	32	static
ctrl.c:258:13:check_timers	40	static
ctrl.c:280:13:sub_presence_changed	48	static
ctrl.c:327:6:ctrl_run_tick	56	static
ctrl.c:418:13:set_block_num_occupency	24	static
ctrl.c:434:13:set_block_addr_occupency	16	static
ctrl.c:439:16:get_block_num_occupency	16	static
ctrl.c:445:25:get_block_addr_occupency	16	static
ctrl.c:450:16:occupied	16	static
ctrl.c:457:13:check_block_delayed	24	static
ctrl.c:484:13:evt_entered_c2	32	static
ctrl.c:505:13:evt_leaved_c1	16	static
ctrl.c:523:13:evt_entered_c1	24	static
ctrl.c:527:13:evt_leaved_c2	16	static
ctrl.c:532:13:evt_tleave	16	static
ctrl.c:547:13:evt_cmd_set_setdirspeed	40	static
ctrl.c:608:13:evt_pose_triggered	32	static
ctrl.c:629:13:evt_timer	24	static
ctrl.c:649:13:update_c2_state_limits	80	static
ctrl.c:797:13:ctrl_set_tspeed	32	static
ctrl.c:822:13:ctrl_set_dir	32	static
ctrl.c:843:13:set_pose_trig	32	static
ctrl.c:858:16:pose_middle	40	static
ctrl.c:869:13:check_blk_tick	32	static
