itm_debug.h:34:20:itm_debug1	32	static
itm_debug.h:38:20:itm_debug2	32	static
itm_debug.h:42:20:itm_debug3	32	static
trainmsg.h:132:1:mqf_read_to_ctrl	16	static
trainmsg.h:133:1:mqf_write_from_ctrl	16	static
trainmsg.h:166:20:ui_msg	24	static
topology.h:26:19:_sub_addr_to_sub_num	24	static
topology.h:33:19:_blk_addr_to_blk_num	24	static
topology.h:47:16:_blk_num_to_blk_addr	24	static
topology.h:62:23:blk_addr_for_sub_addr	24	static
topology.h:69:23:next_block_addr	24	static
ctrl.c:45:13:ctrl_set_mode	24	static
ctrl.c:58:13:ctrl_set_status	24	static
ctrl.c:71:15:ctrl_set_dir	24	static
ctrl.c:88:15:ctrl_set_tspeed	24	static
ctrl.c:112:13:ctrl_init	8	static
ctrl.c:123:6:ctrl_run_tick	96	static
ctrl.c:281:13:ctrl_reset	4	static
ctrl.c:287:13:presence_changed	56	static
ctrl.c:337:13:train_switched_to_c2	32	static
