itm_debug.h:35:20:itm_debug1	32	static
itm_debug.h:39:20:itm_debug2	32	static
itm_debug.h:43:20:itm_debug3	32	static
trainmsg.h:132:1:mqf_read_to_ctrl	16	static
trainmsg.h:133:1:mqf_write_from_ctrl	16	static
trainmsg.h:171:20:ui_msg	24	static
topology.h:26:19:_sub_addr_to_sub_num	24	static
topology.h:33:19:_blk_addr_to_blk_num	24	static
topology.h:51:16:_blk_num_to_blk_addr	24	static
topology.h:67:23:blk_addr_for_sub_addr	24	static
topology.h:74:23:next_block_addr	24	static
ctrl.c:48:13:ctrl_set_mode	24	static
ctrl.c:61:13:ctrl_set_status	24	static
ctrl.c:74:13:update_c2	40	static
ctrl.c:99:15:ctrl_set_dir	24	static
ctrl.c:122:15:ctrl_set_tspeed	24	static
ctrl.c:148:13:ctrl_init	8	static
ctrl.c:158:6:ctrl_run_tick	104	static
ctrl.c:328:13:ctrl_reset	4	static
ctrl.c:333:13:presence_changed	56	static
ctrl.c:385:13:train_switched_to_c2	32	static
ctrl.c:429:13:set_pose_trig	24	static
ctrl.c:440:13:pose_triggered	32	static
