itm_debug.h:35:20:itm_debug1	32	static
itm_debug.h:39:20:itm_debug2	32	static
itm_debug.h:43:20:itm_debug3	32	static
trainmsg.h:132:1:mqf_read_to_ctrl	16	static
trainmsg.h:133:1:mqf_write_from_ctrl	16	static
trainmsg.h:171:20:ui_msg	24	static
topology.h:26:19:_sub_addr_to_sub_num	24	static
topology.h:33:19:_blk_addr_to_blk_num	24	static
topology.h:51:16:_blk_num_to_blk_addr	24	static
topology.h:67:23:blk_addr_for_sub_addr	24	static
topology.h:74:23:next_block_addr	24	static
ctrl.c:53:13:ctrl_set_mode	24	static
ctrl.c:66:13:ctrl_set_status	24	static
ctrl.c:79:13:update_c2	48	static
ctrl.c:107:15:ctrl_set_dir	24	static
ctrl.c:132:15:ctrl_set_tspeed	24	static
ctrl.c:158:13:ctrl_init	8	static
ctrl.c:168:6:ctrl_run_tick	88	static
ctrl.c:293:13:ctrl_reset	4	static
ctrl.c:298:13:presence_changed	48	static
ctrl.c:360:13:train_switched_to_c2	32	static
ctrl.c:410:13:set_pose_trig	32	static
ctrl.c:423:13:pose_triggered	32	static
