itm_debug.h:39:20:itm_debug1	32	static
itm_debug.h:43:20:itm_debug2	32	static
itm_debug.h:47:20:itm_debug3	32	static
trainmsg.h:148:1:mqf_read_to_ctrl	16	static
trainmsg.h:149:1:mqf_write_from_ctrl	16	static
topology.h:26:19:_sub_addr_to_sub_num	24	static
topology.h:33:19:_blk_addr_to_blk_num	24	static
topology.h:51:16:_blk_num_to_blk_addr	24	static
topology.h:68:23:blk_addr_for_sub_addr	24	static
ctrl.c:85:13:fatal	8	static
ctrl.c:168:13:ctrl_reset	4	static
ctrl.c:175:20:set_state	32	static
ctrl.c:197:13:ctrl_set_mode	24	static
ctrl.c:227:13:ctrl_init	16	static
ctrl.c:274:13:reset_timer	24	static
ctrl.c:280:13:set_timer	32	static
ctrl.c:287:13:check_timers	40	static
ctrl.c:309:13:sub_presence_changed	48	static
ctrl.c:356:6:ctrl_run_tick	56	static
ctrl.c:468:13:notif_blk_occup_chg	24	static
ctrl.c:482:13:set_block_num_occupency	24	static
ctrl.c:501:13:set_block_addr_occupency	16	static
ctrl.c:506:16:get_block_num_occupency	16	static
ctrl.c:512:25:get_block_addr_occupency	16	static
ctrl.c:517:16:occupied	16	static
ctrl.c:524:13:check_block_delayed	24	static
ctrl.c:549:13:evt_entered_c2	32	static
ctrl.c:570:13:evt_leaved_c1	16	static
ctrl.c:589:13:evt_entered_c1	24	static
ctrl.c:593:13:evt_leaved_c2	16	static
ctrl.c:598:13:evt_tleave	16	static
ctrl.c:613:13:evt_cmd_set_setdirspeed	40	static
ctrl.c:677:13:evt_pose_triggered	32	static
ctrl.c:701:13:evt_timer	24	static
ctrl.c:724:13:update_c2_state_limits	80	static
ctrl.c:879:13:ctrl_set_tspeed	32	static
ctrl.c:904:13:ctrl_set_dir	32	static
ctrl.c:925:13:set_pose_trig	32	static
ctrl.c:940:16:pose_middle	40	static
ctrl.c:952:13:check_blk_tick	32	static
ctrl.c:978:13:set_turnout	24	static
ctrl.c:1002:13:check_behaviour	40	static
