itm_debug.h:37:20:itm_debug1	32	static
itm_debug.h:41:20:itm_debug2	32	static
itm_debug.h:45:20:itm_debug3	32	static
trainmsg.h:177:1:mqf_read_to_ina3221	16	static
trainmsg.h:178:1:mqf_write_from_ina3221	16	static
ina3221.c:41:13:bkpoint	16	static
ina3221.c:117:13:run_ina_task	32	static
ina3221.c:151:13:handle_ina_notif	40	static
ina3221.c:323:12:_next_dev	16	static
ina3221.c:333:13:_trig	24	static
ina3221.c:341:13:_reg_read	48	static
ina3221.c:386:13:_read_complete	64	static
ina3221.c:450:6:HAL_I2C_MemTxCpltCallback	56	static,ignoring_inline_asm
ina3221.c:459:6:HAL_I2C_MemRxCpltCallback	56	static,ignoring_inline_asm
ina3221.c:470:6:HAL_I2C_ErrorCallback	56	static,ignoring_inline_asm
ina3221.c:820:17:ina3221_read16	40	static
ina3221.c:835:12:ina3221_write16	48	static
ina3221.c:854:21:ina3221_write16it	40	static
ina3221.c:895:19:HAL_I2C_Mem_Write_IT_NW	32	static
ina3221.c:983:19:HAL_I2C_Mem_Read_IT_NW	32	static
ina3221.c:1065:13:_ina3221_configure	40	static
ina3221.c:1107:6:_ina3221_init	32	static
ina3221.c:1126:13:ina3221_init_and_configure	8	static
ina3221.c:1133:6:ina3221_task_start	16	static
