itm_debug.h:37:20:itm_debug1	32	static
itm_debug.h:41:20:itm_debug2	32	static
itm_debug.h:45:20:itm_debug3	32	static
trainmsg.h:121:1:mqf_write_from_canton	16	static
ina3221.c:41:13:bkpoint	16	static
ina3221.c:113:13:run_ina_task	40	static
ina3221.c:291:12:_next_dev	16	static
ina3221.c:301:13:_trig	24	static
ina3221.c:309:13:_reg_read	48	static
ina3221.c:354:13:_read_complete	56	static
ina3221.c:398:6:HAL_I2C_MemTxCpltCallback	56	static,ignoring_inline_asm
ina3221.c:407:6:HAL_I2C_MemRxCpltCallback	56	static,ignoring_inline_asm
ina3221.c:418:6:HAL_I2C_ErrorCallback	56	static,ignoring_inline_asm
ina3221.c:768:17:ina3221_read16	40	static
ina3221.c:783:12:ina3221_write16	48	static
ina3221.c:802:21:ina3221_write16it	40	static
ina3221.c:843:19:HAL_I2C_Mem_Write_IT_NW	32	static
ina3221.c:931:19:HAL_I2C_Mem_Read_IT_NW	32	static
ina3221.c:1013:13:_ina3221_configure	40	static
ina3221.c:1055:6:_ina3221_init	32	static
ina3221.c:1074:13:ina3221_init_and_configure	8	static
ina3221.c:1081:6:ina3221_task_start	16	static
