misc.h:76:19:train_error	16	static
misc.h:91:21:runtime_error	16	static
misc.h:113:20:train_notif	32	static
misc.h:118:20:debug_info	40	static
txrxcmd.h:50:20:txframe_send_stat	48	static
traincontrol.c:52:6:train_run_tick	32	static
traincontrol.c:94:13:process_adc	48	static
traincontrol.c:110:29:notif_target_bemf	24	static
traincontrol.c:115:13:train_periodic_control	96	static
traincontrol.c:222:13:_set_speed_test_mode	72	static
traincontrol.c:244:13:_set_speed	80	static
traincontrol.c:288:5:train_set_target_speed	24	static
traincontrol.c:307:6:train_stop_all	32	static
traincontrol.c:343:6:calibrate_bemf	16	static
traincontrol.c:406:6:calibrate_periodic	24	static
traincontrol.c:420:13:highlevel_tick	48	static
traincontrol.c:461:13:unexpected	4	static
traincontrol.c:465:13:unexpected_canton_occupency	16	static
traincontrol.c:469:13:unexpected_unknown_canton_occupency	16	static
traincontrol.c:473:13:lost_train	24	static
traincontrol.c:477:13:train_switching_canton	32	static
traincontrol.c:484:13:train_did_switch_canton	40	static
