misc.h:33:19:signof0	16	static
misc.h:83:19:train_error	16	static
misc.h:98:21:runtime_error	16	static
misc.h:120:20:train_notif	32	static
misc.h:125:20:debug_info	40	static
txrxcmd.h:50:20:txframe_send_stat	48	static
traincontrol.c:55:6:train_run_tick	40	static
traincontrol.c:107:13:process_adc	48	static
traincontrol.c:125:29:notif_target_bemf	24	static
traincontrol.c:130:13:train_periodic_control	96	static
traincontrol.c:237:13:_set_speed_test_mode	72	static
traincontrol.c:259:13:_set_speed	80	static
traincontrol.c:303:5:train_set_target_speed	24	static
traincontrol.c:322:6:train_stop_all	32	static
traincontrol.c:358:6:calibrate_bemf	16	static
traincontrol.c:421:6:calibrate_periodic	24	static
traincontrol.c:435:13:highlevel_tick	72	static
traincontrol.c:494:13:unexpected	4	static
traincontrol.c:498:13:unexpected_canton_occupency	16	static
traincontrol.c:502:13:unexpected_unknown_canton_occupency	16	static
traincontrol.c:506:13:lost_train	24	static
traincontrol.c:510:13:train_switching_canton	24	static
traincontrol.c:517:13:train_did_switch_canton	40	static
