itm_debug.h:36:20:itm_debug1	32	static
itm_debug.h:40:20:itm_debug2	32	static
main.c:191:5:main	8	static
main.c:290:6:SystemClock_Config	104	static
main.c:342:13:MX_ADC1_Init	24	static
main.c:465:13:MX_I2C1_Init	8	static
main.c:499:13:MX_I2C3_Init	8	static
main.c:533:13:MX_RTC_Init	32	static
main.c:595:13:MX_TIM1_Init	96	static
main.c:682:13:MX_TIM2_Init	80	static
main.c:752:13:MX_TIM3_Init	80	static
main.c:830:13:MX_TIM4_Init	56	static
main.c:879:13:MX_TIM8_Init	56	static
main.c:932:13:MX_TIM12_Init	56	static
main.c:989:13:MX_UART4_Init	8	static
main.c:1020:13:MX_DMA_Init	16	static
main.c:1038:13:MX_GPIO_Init	56	static
main.c:1135:13:StartUiTask	16	static
main.c:1194:13:ina3221_task_start	16	static
main.c:1213:6:HAL_TIM_PeriodElapsedCallback	32	static,ignoring_inline_asm
main.c:1273:6:Error_Handler	4	static
