itm_debug.h:33:20:itm_debug1	32	static
itm_debug.h:37:20:itm_debug2	32	static
main.c:156:10:GetCurrentMicro	24	static
main.c:178:5:main	8	static
main.c:274:6:SystemClock_Config	104	static
main.c:326:13:MX_ADC1_Init	24	static
main.c:449:13:MX_I2C1_Init	8	static
main.c:483:13:MX_I2C3_Init	8	static
main.c:517:13:MX_RTC_Init	32	static
main.c:579:13:MX_TIM1_Init	96	static
main.c:666:13:MX_TIM2_Init	80	static
main.c:736:13:MX_TIM3_Init	80	static
main.c:814:13:MX_TIM4_Init	56	static
main.c:863:13:MX_TIM8_Init	56	static
main.c:916:13:MX_TIM12_Init	40	static
main.c:962:13:MX_UART4_Init	8	static
main.c:993:13:MX_DMA_Init	16	static
main.c:1018:13:MX_GPIO_Init	56	static
main.c:1115:13:StartUiTask	16	static
main.c:1175:6:HAL_TIM_PeriodElapsedCallback	24	static
main.c:1229:6:Error_Handler	4	static
