stm32f4xx_it.c:78:6:NMI_Handler	4	static
stm32f4xx_it.c:91:6:HardFault_Handler	4	static
stm32f4xx_it.c:106:6:MemManage_Handler	4	static
stm32f4xx_it.c:121:6:BusFault_Handler	4	static
stm32f4xx_it.c:136:6:UsageFault_Handler	4	static
stm32f4xx_it.c:151:6:DebugMon_Handler	4	static
stm32f4xx_it.c:171:6:DMA1_Stream2_IRQHandler	8	static
stm32f4xx_it.c:185:6:DMA1_Stream4_IRQHandler	8	static
stm32f4xx_it.c:199:6:I2C1_EV_IRQHandler	8	static
stm32f4xx_it.c:213:6:I2C1_ER_IRQHandler	8	static
stm32f4xx_it.c:227:6:TIM8_UP_TIM13_IRQHandler	8	static
stm32f4xx_it.c:241:6:TIM8_TRG_COM_TIM14_IRQHandler	8	static
stm32f4xx_it.c:255:6:UART4_IRQHandler	16	static
stm32f4xx_it.c:276:6:TIM7_IRQHandler	8	static
stm32f4xx_it.c:290:6:DMA2_Stream0_IRQHandler	8	static
stm32f4xx_it.c:304:6:OTG_FS_IRQHandler	8	static
